Archive member included because of file (symbol)

c:/program files (x86)/gnu tools arm embedded/4.9 2014q4/bin/../lib/gcc/arm-none-eabi/4.9.3/armv7e-m\libgcc.a(_arm_addsubsf3.o)
                              ./src/stm32f429i_discovery_lcd.o (__aeabi_i2f)
c:/program files (x86)/gnu tools arm embedded/4.9 2014q4/bin/../lib/gcc/arm-none-eabi/4.9.3/armv7e-m\libgcc.a(_arm_muldivsf3.o)
                              ./src/stm32f429i_discovery_lcd.o (__aeabi_fdiv)
c:/program files (x86)/gnu tools arm embedded/4.9 2014q4/bin/../lib/gcc/arm-none-eabi/4.9.3/armv7e-m\libgcc.a(_arm_fixunssfsi.o)
                              ./src/stm32f429i_discovery_lcd.o (__aeabi_f2uiz)
c:/program files (x86)/gnu tools arm embedded/4.9 2014q4/bin/../lib/gcc/arm-none-eabi/4.9.3/../../../../arm-none-eabi/lib/armv7e-m\libg_nano.a(lib_a-errno.o)
                              ./system/src/newlib/_sbrk.o (__errno)
c:/program files (x86)/gnu tools arm embedded/4.9 2014q4/bin/../lib/gcc/arm-none-eabi/4.9.3/../../../../arm-none-eabi/lib/armv7e-m\libg_nano.a(lib_a-fwrite.o)
                              ./src/main.o (fwrite)
c:/program files (x86)/gnu tools arm embedded/4.9 2014q4/bin/../lib/gcc/arm-none-eabi/4.9.3/../../../../arm-none-eabi/lib/armv7e-m\libg_nano.a(lib_a-impure.o)
                              ./src/main.o (_impure_ptr)
c:/program files (x86)/gnu tools arm embedded/4.9 2014q4/bin/../lib/gcc/arm-none-eabi/4.9.3/../../../../arm-none-eabi/lib/armv7e-m\libg_nano.a(lib_a-puts.o)
                              ./src/main.o (puts)
c:/program files (x86)/gnu tools arm embedded/4.9 2014q4/bin/../lib/gcc/arm-none-eabi/4.9.3/../../../../arm-none-eabi/lib/armv7e-m\libg_nano.a(lib_a-strcmp.o)
                              ./system/src/cortexm/exception_handlers.o (strcmp)
c:/program files (x86)/gnu tools arm embedded/4.9 2014q4/bin/../lib/gcc/arm-none-eabi/4.9.3/../../../../arm-none-eabi/lib/armv7e-m\libg_nano.a(lib_a-strlen.o)
                              ./system/src/diag/Trace.o (strlen)
c:/program files (x86)/gnu tools arm embedded/4.9 2014q4/bin/../lib/gcc/arm-none-eabi/4.9.3/../../../../arm-none-eabi/lib/armv7e-m\libg_nano.a(lib_a-vsnprintf.o)
                              ./system/src/diag/Trace.o (vsnprintf)
c:/program files (x86)/gnu tools arm embedded/4.9 2014q4/bin/../lib/gcc/arm-none-eabi/4.9.3/../../../../arm-none-eabi/lib/armv7e-m\libg_nano.a(lib_a-wbuf.o)
                              c:/program files (x86)/gnu tools arm embedded/4.9 2014q4/bin/../lib/gcc/arm-none-eabi/4.9.3/../../../../arm-none-eabi/lib/armv7e-m\libg_nano.a(lib_a-fwrite.o) (__swbuf_r)
c:/program files (x86)/gnu tools arm embedded/4.9 2014q4/bin/../lib/gcc/arm-none-eabi/4.9.3/../../../../arm-none-eabi/lib/armv7e-m\libg_nano.a(lib_a-wsetup.o)
                              c:/program files (x86)/gnu tools arm embedded/4.9 2014q4/bin/../lib/gcc/arm-none-eabi/4.9.3/../../../../arm-none-eabi/lib/armv7e-m\libg_nano.a(lib_a-fwrite.o) (__swsetup_r)
c:/program files (x86)/gnu tools arm embedded/4.9 2014q4/bin/../lib/gcc/arm-none-eabi/4.9.3/../../../../arm-none-eabi/lib/armv7e-m\libg_nano.a(lib_a-fflush.o)
                              c:/program files (x86)/gnu tools arm embedded/4.9 2014q4/bin/../lib/gcc/arm-none-eabi/4.9.3/../../../../arm-none-eabi/lib/armv7e-m\libg_nano.a(lib_a-wbuf.o) (_fflush_r)
c:/program files (x86)/gnu tools arm embedded/4.9 2014q4/bin/../lib/gcc/arm-none-eabi/4.9.3/../../../../arm-none-eabi/lib/armv7e-m\libg_nano.a(lib_a-findfp.o)
                              c:/program files (x86)/gnu tools arm embedded/4.9 2014q4/bin/../lib/gcc/arm-none-eabi/4.9.3/../../../../arm-none-eabi/lib/armv7e-m\libg_nano.a(lib_a-fwrite.o) (__sinit)
c:/program files (x86)/gnu tools arm embedded/4.9 2014q4/bin/../lib/gcc/arm-none-eabi/4.9.3/../../../../arm-none-eabi/lib/armv7e-m\libg_nano.a(lib_a-fwalk.o)
                              c:/program files (x86)/gnu tools arm embedded/4.9 2014q4/bin/../lib/gcc/arm-none-eabi/4.9.3/../../../../arm-none-eabi/lib/armv7e-m\libg_nano.a(lib_a-findfp.o) (_fwalk)
c:/program files (x86)/gnu tools arm embedded/4.9 2014q4/bin/../lib/gcc/arm-none-eabi/4.9.3/../../../../arm-none-eabi/lib/armv7e-m\libg_nano.a(lib_a-makebuf.o)
                              c:/program files (x86)/gnu tools arm embedded/4.9 2014q4/bin/../lib/gcc/arm-none-eabi/4.9.3/../../../../arm-none-eabi/lib/armv7e-m\libg_nano.a(lib_a-wsetup.o) (__smakebuf_r)
c:/program files (x86)/gnu tools arm embedded/4.9 2014q4/bin/../lib/gcc/arm-none-eabi/4.9.3/../../../../arm-none-eabi/lib/armv7e-m\libg_nano.a(lib_a-memset.o)
                              c:/program files (x86)/gnu tools arm embedded/4.9 2014q4/bin/../lib/gcc/arm-none-eabi/4.9.3/../../../../arm-none-eabi/lib/armv7e-m\libg_nano.a(lib_a-findfp.o) (memset)
c:/program files (x86)/gnu tools arm embedded/4.9 2014q4/bin/../lib/gcc/arm-none-eabi/4.9.3/../../../../arm-none-eabi/lib/armv7e-m\libg_nano.a(lib_a-nano-freer.o)
[...]
Memory Configuration

Name             Origin             Length             Attributes
RAM              0x20000000         0x00030000         xrw
CCMRAM           0x10000000         0x00010000         xrw
FLASH            0x08000000         0x00100000         xr
FLASHB1          0x00000000         0x00000000         xr
EXTMEMB0         0x00000000         0x00000000         xr
EXTMEMB1         0x00000000         0x00000000         xr
EXTMEMB2         0x00000000         0x00000000         xr
EXTMEMB3         0x00000000         0x00000000         xr
MEMORY_ARRAY     0x20002000         0x00000020         xrw
*default*        0x00000000         0xffffffff

Linker script and memory map

LOAD ./system/src/stm32f4-hal/stm32f4xx_hal.o
LOAD ./system/src/stm32f4-hal/stm32f4xx_hal_cortex.o
LOAD ./system/src/stm32f4-hal/stm32f4xx_hal_dma.o
LOAD ./system/src/stm32f4-hal/stm32f4xx_hal_dma2d.o
LOAD ./system/src/stm32f4-hal/stm32f4xx_hal_flash.o
LOAD ./system/src/stm32f4-hal/stm32f4xx_hal_flash_ex.o
LOAD ./system/src/stm32f4-hal/stm32f4xx_hal_flash_ramfunc.o
LOAD ./system/src/stm32f4-hal/stm32f4xx_hal_gpio.o
LOAD ./system/src/stm32f4-hal/stm32f4xx_hal_iwdg.o
LOAD ./system/src/stm32f4-hal/stm32f4xx_hal_ltdc.o
LOAD ./system/src/stm32f4-hal/stm32f4xx_hal_pcd_ex.o
LOAD ./system/src/stm32f4-hal/stm32f4xx_hal_pwr.o
LOAD ./system/src/stm32f4-hal/stm32f4xx_hal_pwr_ex.o
LOAD ./system/src/stm32f4-hal/stm32f4xx_hal_rcc.o
LOAD ./system/src/stm32f4-hal/stm32f4xx_hal_rcc_ex.o
LOAD ./system/src/stm32f4-hal/stm32f4xx_hal_sdram.o
LOAD ./system/src/stm32f4-hal/stm32f4xx_hal_spi.o
LOAD ./system/src/stm32f4-hal/stm32f4xx_ll_fmc.o
LOAD ./system/src/newlib/_cxx.o
LOAD ./system/src/newlib/_exit.o
LOAD ./system/src/newlib/_sbrk.o
LOAD ./system/src/newlib/_startup.o
LOAD ./system/src/newlib/_syscalls.o
LOAD ./system/src/newlib/assert.o
LOAD ./system/src/diag/Trace.o
LOAD ./system/src/diag/trace_impl.o
LOAD ./system/src/cortexm/_initialize_hardware.o
LOAD ./system/src/cortexm/_reset_hardware.o
LOAD ./system/src/cortexm/exception_handlers.o
LOAD ./system/src/cmsis/system_stm32f4xx.o
LOAD ./system/src/cmsis/vectors_stm32f4xx.o
LOAD ./src/BlinkLed.o
LOAD ./src/_write.o
LOAD ./src/main.o
LOAD ./src/stm32f429i_discovery.o
LOAD ./src/stm32f429i_discovery_eeprom.o
LOAD ./src/stm32f429i_discovery_gyroscope.o
LOAD ./src/stm32f429i_discovery_io.o
LOAD ./src/stm32f429i_discovery_lcd.o
LOAD ./src/stm32f429i_discovery_sdram.o
LOAD ./src/stm32f429i_discovery_ts.o
LOAD c:/program files (x86)/gnu tools arm embedded/4.9 2014q4/bin/../lib/gcc/arm-none-eabi/4.9.3/../../../../arm-none-eabi/lib/armv7e-m\libstdc++_nano.a
LOAD c:/program files (x86)/gnu tools arm embedded/4.9 2014q4/bin/../lib/gcc/arm-none-eabi/4.9.3/../../../../arm-none-eabi/lib/armv7e-m\libm.a
START GROUP
LOAD c:/program files (x86)/gnu tools arm embedded/4.9 2014q4/bin/../lib/gcc/arm-none-eabi/4.9.3/armv7e-m\libgcc.a
LOAD c:/program files (x86)/gnu tools arm embedded/4.9 2014q4/bin/../lib/gcc/arm-none-eabi/4.9.3/../../../../arm-none-eabi/lib/armv7e-m\libg_nano.a
LOAD c:/program files (x86)/gnu tools arm embedded/4.9 2014q4/bin/../lib/gcc/arm-none-eabi/4.9.3/../../../../arm-none-eabi/lib/armv7e-m\libc_nano.a
END GROUP
START GROUP
LOAD c:/program files (x86)/gnu tools arm embedded/4.9 2014q4/bin/../lib/gcc/arm-none-eabi/4.9.3/armv7e-m\libgcc.a
LOAD c:/program files (x86)/gnu tools arm embedded/4.9 2014q4/bin/../lib/gcc/arm-none-eabi/4.9.3/../../../../arm-none-eabi/lib/armv7e-m\libc_nano.a
END GROUP
                0x20030000                __stack = (ORIGIN (RAM) + 0x30000)
                0x20030000                _estack = __stack
                0x00000400                __Main_Stack_Size = 0x400
                0x00000400                PROVIDE (_Main_Stack_Size, __Main_Stack_Size)
                0x2002fc00                __Main_Stack_Limit = (__stack - __Main_Stack_Size)
                0x2002fc00                PROVIDE (_Main_Stack_Limit, __Main_Stack_Limit)
                0x00000100                _Minimum_Stack_Size = 0x100
                0x200003b4                PROVIDE (_Heap_Begin, _end_noinit)
                0x2002fc00                PROVIDE (_Heap_Limit, (__stack - __Main_Stack_Size))

.isr_vector     0x08000000      0x40c
 FILL mask 0xff
                0x08000000                __vectors_start__ = ABSOLUTE (.)
 *(.isr_vector)
 .isr_vector    0x08000000      0x1ac ./system/src/cmsis/vectors_stm32f4xx.o
                0x08000000                __isr_vectors
 *(.cfmconfig)
 *(.after_vectors .after_vectors.*)
 .after_vectors
                0x080001ac      0x130 ./system/src/newlib/_startup.o
                0x080001ac                _start
 .after_vectors
                0x080002dc      0x12c ./system/src/cortexm/exception_handlers.o
                0x080002dc                Reset_Handler
                0x080002e4                NMI_Handler
                0x080002e8                HardFault_Handler
                0x080002fc                HardFault_Handler_C
                0x08000358                MemManage_Handler
                0x0800035c                BusFault_Handler
                0x08000370                BusFault_Handler_C
                0x080003a4                UsageFault_Handler
                0x080003b8                UsageFault_Handler_C
                0x080003ec                SVC_Handler
                0x080003f0                DebugMon_Handler
                0x080003f4                PendSV_Handler
 .after_vectors
                0x08000408        0x4 ./system/src/cmsis/vectors_stm32f4xx.o
                0x08000408                RTC_Alarm_IRQHandler
                0x08000408                HASH_RNG_IRQHandler
                0x08000408                EXTI2_IRQHandler
                0x08000408                TIM8_CC_IRQHandler
                0x08000408                UART8_IRQHandler
                0x08000408                SPI4_IRQHandler
                0x08000408                TIM1_CC_IRQHandler
                0x08000408                DMA2_Stream5_IRQHandler
                0x08000408                DMA1_Stream5_IRQHandler
                0x08000408                PVD_IRQHandler
                0x08000408                SDIO_IRQHandler
                0x08000408                TAMP_STAMP_IRQHandler
                0x08000408                CAN2_RX1_IRQHandler
                0x08000408                EXTI3_IRQHandler
                0x08000408                TIM8_TRG_COM_TIM14_IRQHandler
                0x08000408                TIM1_UP_TIM10_IRQHandler
                0x08000408                TIM8_UP_TIM13_IRQHandler
                0x08000408                I2C3_ER_IRQHandler
                0x08000408                EXTI0_IRQHandler
                0x08000408                I2C2_EV_IRQHandler
                0x08000408                DMA1_Stream2_IRQHandler
                0x08000408                CAN1_RX0_IRQHandler
                0x08000408                FPU_IRQHandler
                0x08000408                OTG_HS_WKUP_IRQHandler
                0x08000408                LTDC_ER_IRQHandler
                0x08000408                CAN2_SCE_IRQHandler
                0x08000408                DMA2_Stream2_IRQHandler
                0x08000408                SPI1_IRQHandler
                0x08000408                TIM6_DAC_IRQHandler
                0x08000408                TIM1_BRK_TIM9_IRQHandler
                0x08000408                DCMI_IRQHandler
                0x08000408                CAN2_RX0_IRQHandler
                0x08000408                DMA2_Stream3_IRQHandler
                0x08000408                USART6_IRQHandler
                0x08000408                USART3_IRQHandler
                0x08000408                CAN1_RX1_IRQHandler
                0x08000408                UART5_IRQHandler
                0x08000408                DMA2_Stream0_IRQHandler
                0x08000408                TIM4_IRQHandler
                0x08000408                I2C1_EV_IRQHandler
                0x08000408                DMA1_Stream6_IRQHandler
                0x08000408                DMA1_Stream1_IRQHandler
                0x08000408                UART4_IRQHandler
                0x08000408                TIM3_IRQHandler
                0x08000408                RCC_IRQHandler
                0x08000408                TIM8_BRK_TIM12_IRQHandler
                0x08000408                Default_Handler
                0x08000408                EXTI15_10_IRQHandler
                0x08000408                ADC_IRQHandler
                0x08000408                DMA1_Stream7_IRQHandler
                0x08000408                SPI5_IRQHandler
                0x08000408                TIM7_IRQHandler
                0x08000408                CAN2_TX_IRQHandler
                0x08000408                TIM5_IRQHandler
                0x08000408                DMA2_Stream7_IRQHandler
                0x08000408                I2C3_EV_IRQHandler
                0x08000408                EXTI9_5_IRQHandler
                0x08000408                RTC_WKUP_IRQHandler
                0x08000408                LTDC_IRQHandler
                0x08000408                ETH_WKUP_IRQHandler
                0x08000408                SPI2_IRQHandler
                0x08000408                OTG_HS_EP1_IN_IRQHandler
                0x08000408                DMA1_Stream0_IRQHandler
                0x08000408                CAN1_TX_IRQHandler
                0x08000408                EXTI4_IRQHandler
                0x08000408                ETH_IRQHandler
                0x08000408                OTG_HS_EP1_OUT_IRQHandler
                0x08000408                WWDG_IRQHandler
                0x08000408                SPI6_IRQHandler
                0x08000408                TIM2_IRQHandler
                0x08000408                OTG_FS_WKUP_IRQHandler
                0x08000408                TIM1_TRG_COM_TIM11_IRQHandler
                0x08000408                OTG_HS_IRQHandler
                0x08000408                DMA2D_IRQHandler
                0x08000408                EXTI1_IRQHandler
                0x08000408                UART7_IRQHandler
                0x08000408                USART2_IRQHandler
                0x08000408                I2C2_ER_IRQHandler
                0x08000408                DMA2_Stream1_IRQHandler
                0x08000408                CAN1_SCE_IRQHandler
                0x08000408                FLASH_IRQHandler
                0x08000408                DMA2_Stream4_IRQHandler
                0x08000408                USART1_IRQHandler
                0x08000408                OTG_FS_IRQHandler
                0x08000408                SPI3_IRQHandler
                0x08000408                DMA1_Stream4_IRQHandler
                0x08000408                I2C1_ER_IRQHandler
                0x08000408                FMC_IRQHandler
                0x08000408                DMA2_Stream6_IRQHandler
                0x08000408                SAI1_IRQHandler
                0x08000408                DMA1_Stream3_IRQHandler

.inits          0x0800040c       0x28
                0x0800040c                __data_regions_array_start = .
                0x0800040c        0x4 LONG 0x8007fcc LOADADDR (.data)
                0x08000410        0x4 LONG 0x20000000 ADDR (.data)
                0x08000414        0x4 LONG 0x200000cc (ADDR (.data) + SIZEOF (.data))
                0x08000418        0x4 LONG 0x8007fcc LOADADDR (.data_CCMRAM)
                0x0800041c        0x4 LONG 0x10000000 ADDR (.data_CCMRAM)
                0x08000420        0x4 LONG 0x10000000 (ADDR (.data_CCMRAM) + SIZEOF (.data_CCMRAM))
                0x08000424                __data_regions_array_end = .
                0x08000424                __bss_regions_array_start = .
                0x08000424        0x4 LONG 0x200000cc ADDR (.bss)
                0x08000428        0x4 LONG 0x200003b4 (ADDR (.bss) + SIZEOF (.bss))
                0x0800042c        0x4 LONG 0x10000000 ADDR (.bss_CCMRAM)
                0x08000430        0x4 LONG 0x10000000 (ADDR (.bss_CCMRAM) + SIZEOF (.bss_CCMRAM))
                0x08000434                __bss_regions_array_end = .
 *(.init)
 *(.fini)
                0x08000434                . = ALIGN (0x4)
                0x08000434                PROVIDE (__preinit_array_start, .)
 *(.preinit_array_sysinit .preinit_array_sysinit.*)
 *(.preinit_array_platform .preinit_array_platform.*)
 *(.preinit_array .preinit_array.*)
                0x08000434                PROVIDE (__preinit_array_end, .)
                0x08000434                . = ALIGN (0x4)
                0x08000434                PROVIDE (__init_array_start, .)
 *(SORT(.init_array.*))
 *(.init_array)
                0x08000434                PROVIDE (__init_array_end, .)
                0x08000434                . = ALIGN (0x4)
                0x08000434                PROVIDE (__fini_array_start, .)
 *(SORT(.fini_array.*))
 *(.fini_array)
                0x08000434                PROVIDE (__fini_array_end, .)

.flashtext
 *(.flashtext .flashtext.*)

.text           0x08000434     0x7b98
 *(.text .text.*)
 .text.HAL_MspInit
                0x08000434        0x4 ./system/src/stm32f4-hal/stm32f4xx_hal.o
                0x08000434                HAL_MspInit
 .text.HAL_InitTick
                0x08000438       0x28 ./system/src/stm32f4-hal/stm32f4xx_hal.o
                0x08000438                HAL_InitTick
 .text.HAL_Init
                0x08000460       0x34 ./system/src/stm32f4-hal/stm32f4xx_hal.o
                0x08000460                HAL_Init
 .text.HAL_IncTick
                0x08000494       0x10 ./system/src/stm32f4-hal/stm32f4xx_hal.o
                0x08000494                HAL_IncTick
 .text.HAL_GetTick
                0x080004a4        0xc ./system/src/stm32f4-hal/stm32f4xx_hal.o
                0x080004a4                HAL_GetTick
 .text.HAL_Delay
                0x080004b0       0x1c ./system/src/stm32f4-hal/stm32f4xx_hal.o
                0x080004b0                HAL_Delay
 .text.HAL_NVIC_SetPriorityGrouping
                0x080004cc       0x3c ./system/src/stm32f4-hal/stm32f4xx_hal_cortex.o
                0x080004cc                HAL_NVIC_SetPriorityGrouping
 .text.HAL_NVIC_SetPriority
                0x08000508       0x84 ./system/src/stm32f4-hal/stm32f4xx_hal_cortex.o
                0x08000508                HAL_NVIC_SetPriority
 .text.HAL_NVIC_EnableIRQ
                0x0800058c       0x28 ./system/src/stm32f4-hal/stm32f4xx_hal_cortex.o
                0x0800058c                HAL_NVIC_EnableIRQ
 .text.HAL_SYSTICK_Config
                0x080005b4       0x2c ./system/src/stm32f4-hal/stm32f4xx_hal_cortex.o
                0x080005b4                HAL_SYSTICK_Config
 .text.HAL_DMA_Init
                0x080005e0      0x218 ./system/src/stm32f4-hal/stm32f4xx_hal_dma.o
                0x080005e0                HAL_DMA_Init
 .text.HAL_DMA_DeInit
                0x080007f8      0xe3c ./system/src/stm32f4-hal/stm32f4xx_hal_dma.o
                0x080007f8                HAL_DMA_DeInit
 .text.DMA2D_SetConfig
                0x08001634       0x8c ./system/src/stm32f4-hal/stm32f4xx_hal_dma2d.o
 .text.HAL_DMA2D_MspInit
                0x080016c0        0x4 ./system/src/stm32f4-hal/stm32f4xx_hal_dma2d.o
                0x080016c0                HAL_DMA2D_MspInit
 .text.HAL_DMA2D_Init
                0x080016c4       0xb0 ./system/src/stm32f4-hal/stm32f4xx_hal_dma2d.o
                0x080016c4                HAL_DMA2D_Init
 .text.HAL_DMA2D_Start
                0x08001774       0x78 ./system/src/stm32f4-hal/stm32f4xx_hal_dma2d.o
                0x08001774                HAL_DMA2D_Start
 .text.HAL_DMA2D_PollForTransfer
                0x080017ec       0xe0 ./system/src/stm32f4-hal/stm32f4xx_hal_dma2d.o
                0x080017ec                HAL_DMA2D_PollForTransfer
 .text.HAL_DMA2D_ConfigLayer
                0x080018cc      0x178 ./system/src/stm32f4-hal/stm32f4xx_hal_dma2d.o
                0x080018cc                HAL_DMA2D_ConfigLayer
 .text.HAL_GPIO_Init
                0x08001a44      0x354 ./system/src/stm32f4-hal/stm32f4xx_hal_gpio.o
                0x08001a44                HAL_GPIO_Init
 .text.HAL_GPIO_WritePin
                0x08001d98       0x34 ./system/src/stm32f4-hal/stm32f4xx_hal_gpio.o
                0x08001d98                HAL_GPIO_WritePin
 .text.LTDC_SetConfig
                0x08001dcc      0x18c ./system/src/stm32f4-hal/stm32f4xx_hal_ltdc.o
 .text.HAL_LTDC_MspInit
                0x08001f58        0x4 ./system/src/stm32f4-hal/stm32f4xx_hal_ltdc.o
                0x08001f58                HAL_LTDC_MspInit
 .text.HAL_LTDC_Init
                0x08001f5c      0x1dc ./system/src/stm32f4-hal/stm32f4xx_hal_ltdc.o
                0x08001f5c                HAL_LTDC_Init
 .text.HAL_LTDC_ConfigLayer
                0x08002138      0x128 ./system/src/stm32f4-hal/stm32f4xx_hal_ltdc.o
                0x08002138                HAL_LTDC_ConfigLayer
 .text.HAL_LTDC_EnableDither
                0x08002260       0x34 ./system/src/stm32f4-hal/stm32f4xx_hal_ltdc.o
                0x08002260                HAL_LTDC_EnableDither
 .text.HAL_RCC_OscConfig
                0x08002294      0x4b4 ./system/src/stm32f4-hal/stm32f4xx_hal_rcc.o
                0x08002294                HAL_RCC_OscConfig
 .text.HAL_RCC_ClockConfig
                0x08002748      0x32c ./system/src/stm32f4-hal/stm32f4xx_hal_rcc.o
                0x08002748                HAL_RCC_ClockConfig
 .text.HAL_RCC_GetSysClockFreq
                0x08002a74       0x98 ./system/src/stm32f4-hal/stm32f4xx_hal_rcc.o
                0x08002a74                HAL_RCC_GetSysClockFreq
 .text.HAL_RCC_GetHCLKFreq
                0x08002b0c       0x38 ./system/src/stm32f4-hal/stm32f4xx_hal_rcc.o
                0x08002b0c                HAL_RCC_GetHCLKFreq
 .text.HAL_RCCEx_PeriphCLKConfig
                0x08002b44      0x370 ./system/src/stm32f4-hal/stm32f4xx_hal_rcc_ex.o
                0x08002b44                HAL_RCCEx_PeriphCLKConfig
 .text.HAL_SDRAM_MspInit
                0x08002eb4        0x4 ./system/src/stm32f4-hal/stm32f4xx_hal_sdram.o
                0x08002eb4                HAL_SDRAM_MspInit
 .text.HAL_SDRAM_Init
                0x08002eb8       0x40 ./system/src/stm32f4-hal/stm32f4xx_hal_sdram.o
                0x08002eb8                HAL_SDRAM_Init
 .text.HAL_SDRAM_SendCommand
                0x08002ef8       0x3c ./system/src/stm32f4-hal/stm32f4xx_hal_sdram.o
                0x08002ef8                HAL_SDRAM_SendCommand
 .text.HAL_SDRAM_ProgramRefreshRate
                0x08002f34       0x28 ./system/src/stm32f4-hal/stm32f4xx_hal_sdram.o
                0x08002f34                HAL_SDRAM_ProgramRefreshRate
 .text.SPI_WaitOnFlagUntilTimeout
                0x08002f5c       0xe4 ./system/src/stm32f4-hal/stm32f4xx_hal_spi.o
 .text.HAL_SPI_MspInit
                0x08003040        0x4 ./system/src/stm32f4-hal/stm32f4xx_hal_spi.o
                0x08003040                HAL_SPI_MspInit
 .text.HAL_SPI_Init
                0x08003044      0x168 ./system/src/stm32f4-hal/stm32f4xx_hal_spi.o
                0x08003044                HAL_SPI_Init
 .text.HAL_SPI_MspDeInit
                0x080031ac        0x4 ./system/src/stm32f4-hal/stm32f4xx_hal_spi.o
                0x080031ac                HAL_SPI_MspDeInit
 .text.HAL_SPI_DeInit
                0x080031b0       0x28 ./system/src/stm32f4-hal/stm32f4xx_hal_spi.o
                0x080031b0                HAL_SPI_DeInit
 .text.HAL_SPI_Transmit
                0x080031d8      0x1d0 ./system/src/stm32f4-hal/stm32f4xx_hal_spi.o
                0x080031d8                HAL_SPI_Transmit
 .text.HAL_SPI_TransmitReceive
                0x080033a8      0x35c ./system/src/stm32f4-hal/stm32f4xx_hal_spi.o
                0x080033a8                HAL_SPI_TransmitReceive
 .text.HAL_SPI_Receive
                0x08003704      0x21c ./system/src/stm32f4-hal/stm32f4xx_hal_spi.o
                0x08003704                HAL_SPI_Receive
 .text.HAL_SPI_GetState
                0x08003920        0x8 ./system/src/stm32f4-hal/stm32f4xx_hal_spi.o
                0x08003920                HAL_SPI_GetState
 .text.FMC_SDRAM_Init
                0x08003928      0x16c ./system/src/stm32f4-hal/stm32f4xx_ll_fmc.o
                0x08003928                FMC_SDRAM_Init
 .text.FMC_SDRAM_Timing_Init
                0x08003a94      0x13c ./system/src/stm32f4-hal/stm32f4xx_ll_fmc.o
                0x08003a94                FMC_SDRAM_Timing_Init
 .text.FMC_SDRAM_SendCommand
                0x08003bd0       0xc4 ./system/src/stm32f4-hal/stm32f4xx_ll_fmc.o
                0x08003bd0                FMC_SDRAM_SendCommand
 .text.FMC_SDRAM_ProgramRefreshRate
                0x08003c94       0x3c ./system/src/stm32f4-hal/stm32f4xx_ll_fmc.o
                0x08003c94                FMC_SDRAM_ProgramRefreshRate
 .text._exit    0x08003cd0        0x4 ./system/src/newlib/_exit.o
                0x08003cd0                _exit
 .text.abort    0x08003cd4       0x14 ./system/src/newlib/_exit.o
                0x08003cd4                abort
 .text._sbrk    0x08003ce8       0x44 ./system/src/newlib/_sbrk.o
                0x08003ce8                _sbrk
 .text.__initialize_args
                0x08003d2c       0x10 ./system/src/newlib/_syscalls.o
                0x08003d2c                __initialize_args
 .text._close   0x08003d3c       0x10 ./system/src/newlib/_syscalls.o
                0x08003d3c                _close
 .text._fstat   0x08003d4c       0x10 ./system/src/newlib/_syscalls.o
                0x08003d4c                _fstat
 .text._isatty  0x08003d5c       0x10 ./system/src/newlib/_syscalls.o
                0x08003d5c                _isatty
 .text._lseek   0x08003d6c       0x10 ./system/src/newlib/_syscalls.o
                0x08003d6c                _lseek
 .text._read    0x08003d7c       0x10 ./system/src/newlib/_syscalls.o
                0x08003d7c                _read
 .text.assert_failed
                0x08003d8c       0x18 ./system/src/newlib/assert.o
                0x08003d8c                assert_failed
 .text.trace_printf
                0x08003da4       0x34 ./system/src/diag/Trace.o
                0x08003da4                trace_printf
 .text.trace_puts
                0x08003dd8       0x20 ./system/src/diag/Trace.o
                0x08003dd8                trace_puts
 .text._trace_write_semihosting_stdout
                0x08003df8       0x70 ./system/src/diag/trace_impl.o
 .text.trace_write
                0x08003e68        0x8 ./system/src/diag/trace_impl.o
                0x08003e68                trace_write
 .text.__initialize_hardware_early
                0x08003e70        0x8 ./system/src/cortexm/_initialize_hardware.o
                0x08003e70                __initialize_hardware_early
 .text.__initialize_hardware
                0x08003e78        0x8 ./system/src/cortexm/_initialize_hardware.o
                0x08003e78                __initialize_hardware
 .text.dumpExceptionStack
                0x08003e80       0xf0 ./system/src/cortexm/exception_handlers.o
                0x08003e80                dumpExceptionStack
 .text.isSemihosting
                0x08003f70       0x78 ./system/src/cortexm/exception_handlers.o
                0x08003f70                isSemihosting
 .text.SystemInit
                0x08003fe8       0x40 ./system/src/cmsis/system_stm32f4xx.o
                0x08003fe8                SystemInit
 .text.SystemCoreClockUpdate
                0x08004028       0xa4 ./system/src/cmsis/system_stm32f4xx.o
                0x08004028                SystemCoreClockUpdate
 .text._write   0x080040cc       0x20 ./src/_write.o
                0x080040cc                _write
 .text.SystemClock_Config
                0x080040ec       0x68 ./src/main.o
 .text.main     0x08004154       0xe8 ./src/main.o
                0x08004154                main
 .text.SysTick_Handler
                0x0800423c        0x8 ./src/main.o
                0x0800423c                SysTick_Handler
 .text.SPIx_MspInit
                0x08004244       0x40 ./src/stm32f429i_discovery.o
 .text.SPIx_Init
                0x08004284       0x4c ./src/stm32f429i_discovery.o
 .text.SPIx_Error
                0x080042d0       0x14 ./src/stm32f429i_discovery.o
 .text.SPIx_Write
                0x080042e4       0x2c ./src/stm32f429i_discovery.o
 .text.SPIx_Read
                0x08004310       0x28 ./src/stm32f429i_discovery.o
 .text.LCD_IO_Init
                0x08004338       0xa4 ./src/stm32f429i_discovery.o
                0x08004338                LCD_IO_Init
 .text.LCD_IO_WriteData
                0x080043dc       0x38 ./src/stm32f429i_discovery.o
                0x080043dc                LCD_IO_WriteData
 .text.LCD_IO_WriteReg
                0x08004414       0x38 ./src/stm32f429i_discovery.o
                0x08004414                LCD_IO_WriteReg
 .text.LCD_IO_ReadData
                0x0800444c       0x50 ./src/stm32f429i_discovery.o
                0x0800444c                LCD_IO_ReadData
 .text.LCD_Delay
                0x0800449c        0x8 ./src/stm32f429i_discovery.o
                0x0800449c                LCD_Delay
 .text.ili9341_GetLcdPixelWidth
                0x080044a4        0x4 ./src/stm32f429i_discovery_lcd.o
                0x080044a4                ili9341_GetLcdPixelWidth
 .text.ili9341_GetLcdPixelHeight
                0x080044a8        0x8 ./src/stm32f429i_discovery_lcd.o
                0x080044a8                ili9341_GetLcdPixelHeight
 .text.MspInit  0x080044b0       0xe8 ./src/stm32f429i_discovery_lcd.o
 .text.FillBuffer
                0x08004598       0x54 ./src/stm32f429i_discovery_lcd.o
 .text.ili9341_WriteReg
                0x080045ec        0x8 ./src/stm32f429i_discovery_lcd.o
                0x080045ec                ili9341_WriteReg
 .text.ili9341_DisplayOn
                0x080045f4        0xc ./src/stm32f429i_discovery_lcd.o
                0x080045f4                ili9341_DisplayOn
 .text.ili9341_DisplayOff
                0x08004600        0xc ./src/stm32f429i_discovery_lcd.o
                0x08004600                ili9341_DisplayOff
 .text.ili9341_WriteData
                0x0800460c        0x8 ./src/stm32f429i_discovery_lcd.o
                0x0800460c                ili9341_WriteData
 .text.ili9341_Init
                0x08004614      0x290 ./src/stm32f429i_discovery_lcd.o
                0x08004614                ili9341_Init
 .text.ili9341_ReadData
                0x080048a4        0x8 ./src/stm32f429i_discovery_lcd.o
                0x080048a4                ili9341_ReadData
 .text.ili9341_ReadID
                0x080048ac       0x14 ./src/stm32f429i_discovery_lcd.o
                0x080048ac                ili9341_ReadID
 .text.BSP_LCD_GetXSize
                0x080048c0       0x10 ./src/stm32f429i_discovery_lcd.o
                0x080048c0                BSP_LCD_GetXSize
 .text.BSP_LCD_GetYSize
                0x080048d0       0x10 ./src/stm32f429i_discovery_lcd.o
                0x080048d0                BSP_LCD_GetYSize
 .text.BSP_LCD_LayerDefaultInit
                0x080048e0       0x88 ./src/stm32f429i_discovery_lcd.o
                0x080048e0                BSP_LCD_LayerDefaultInit
 .text.BSP_LCD_SelectLayer
                0x08004968        0xc ./src/stm32f429i_discovery_lcd.o
                0x08004968                BSP_LCD_SelectLayer
 .text.BSP_LCD_SetLayerVisible
                0x08004974       0x40 ./src/stm32f429i_discovery_lcd.o
                0x08004974                BSP_LCD_SetLayerVisible
 .text.BSP_LCD_SetTextColor
                0x080049b4       0x18 ./src/stm32f429i_discovery_lcd.o
                0x080049b4                BSP_LCD_SetTextColor
 .text.BSP_LCD_SetBackColor
                0x080049cc       0x1c ./src/stm32f429i_discovery_lcd.o
                0x080049cc                BSP_LCD_SetBackColor
 .text.BSP_LCD_SetFont
                0x080049e8       0x1c ./src/stm32f429i_discovery_lcd.o
                0x080049e8                BSP_LCD_SetFont
 .text.BSP_LCD_Init
                0x08004a04       0x98 ./src/stm32f429i_discovery_lcd.o
                0x08004a04                BSP_LCD_Init
 .text.BSP_LCD_GetFont
                0x08004a9c       0x1c ./src/stm32f429i_discovery_lcd.o
                0x08004a9c                BSP_LCD_GetFont
 .text.BSP_LCD_Clear
                0x08004ab8       0x3c ./src/stm32f429i_discovery_lcd.o
                0x08004ab8                BSP_LCD_Clear
 .text.BSP_LCD_DisplayOn
                0x08004af4       0x14 ./src/stm32f429i_discovery_lcd.o
                0x08004af4                BSP_LCD_DisplayOn
 .text.BSP_LCD_DrawPixel
                0x08004b08       0x2c ./src/stm32f429i_discovery_lcd.o
                0x08004b08                BSP_LCD_DrawPixel
 .text.DrawChar
                0x08004b34       0xe0 ./src/stm32f429i_discovery_lcd.o
 .text.BSP_LCD_DisplayChar
                0x08004c14       0x34 ./src/stm32f429i_discovery_lcd.o
                0x08004c14                BSP_LCD_DisplayChar
 .text.BSP_LCD_DisplayStringAt
                0x08004c48       0xc4 ./src/stm32f429i_discovery_lcd.o
                0x08004c48                BSP_LCD_DisplayStringAt
 .text.BSP_LCD_DisplayStringAtLine
                0x08004d0c       0x20 ./src/stm32f429i_discovery_lcd.o
                0x08004d0c                BSP_LCD_DisplayStringAtLine
 .text.MspInit  0x08004d2c      0x12c ./src/stm32f429i_discovery_sdram.o
 .text.BSP_SDRAM_Initialization_sequence
                0x08004e58       0xa0 ./src/stm32f429i_discovery_sdram.o
                0x08004e58                BSP_SDRAM_Initialization_sequence
 .text.BSP_SDRAM_Init
                0x08004ef8       0x68 ./src/stm32f429i_discovery_sdram.o
                0x08004ef8                BSP_SDRAM_Init
 .text.__errno  0x08004f60        0xc c:/program files (x86)/gnu tools arm embedded/4.9 2014q4/bin/../lib/gcc/arm-none-eabi/4.9.3/../../../../arm-none-eabi/lib/armv7e-m\libg_nano.a(lib_a-errno.o)
                0x08004f60                __errno
 .text._fwrite_r
                0x08004f6c       0xb4 c:/program files (x86)/gnu tools arm embedded/4.9 2014q4/bin/../lib/gcc/arm-none-eabi/4.9.3/../../../../arm-none-eabi/lib/armv7e-m\libg_nano.a(lib_a-fwrite.o)
                0x08004f6c                _fwrite_r
 .text.fwrite   0x08005020       0x20 c:/program files (x86)/gnu tools arm embedded/4.9 2014q4/bin/../lib/gcc/arm-none-eabi/4.9.3/../../../../arm-none-eabi/lib/armv7e-m\libg_nano.a(lib_a-fwrite.o)
                0x08005020                fwrite
 .text._puts_r  0x08005040       0xbc c:/program files (x86)/gnu tools arm embedded/4.9 2014q4/bin/../lib/gcc/arm-none-eabi/4.9.3/../../../../arm-none-eabi/lib/armv7e-m\libg_nano.a(lib_a-puts.o)
                0x08005040                _puts_r
 .text.puts     0x080050fc       0x10 c:/program files (x86)/gnu tools arm embedded/4.9 2014q4/bin/../lib/gcc/arm-none-eabi/4.9.3/../../../../arm-none-eabi/lib/armv7e-m\libg_nano.a(lib_a-puts.o)
                0x080050fc                puts
 .text          0x0800510c       0x14 c:/program files (x86)/gnu tools arm embedded/4.9 2014q4/bin/../lib/gcc/arm-none-eabi/4.9.3/../../../../arm-none-eabi/lib/armv7e-m\libg_nano.a(lib_a-strcmp.o)
                0x0800510c                strcmp
 .text.strlen   0x08005120       0x10 c:/program files (x86)/gnu tools arm embedded/4.9 2014q4/bin/../lib/gcc/arm-none-eabi/4.9.3/../../../../arm-none-eabi/lib/armv7e-m\libg_nano.a(lib_a-strlen.o)
                0x08005120                strlen
 .text._vsnprintf_r
                0x08005130       0x52 c:/program files (x86)/gnu tools arm embedded/4.9 2014q4/bin/../lib/gcc/arm-none-eabi/4.9.3/../../../../arm-none-eabi/lib/armv7e-m\libg_nano.a(lib_a-vsnprintf.o)
                0x08005130                _vsniprintf_r
                0x08005130                _vsnprintf_r
 *fill*         0x08005182        0x2 
 .text.vsnprintf
                0x08005184       0x20 c:/program files (x86)/gnu tools arm embedded/4.9 2014q4/bin/../lib/gcc/arm-none-eabi/4.9.3/../../../../arm-none-eabi/lib/armv7e-m\libg_nano.a(lib_a-vsnprintf.o)
                0x08005184                vsniprintf
                0x08005184                vsnprintf
 .text.__swbuf_r
                0x080051a4       0xa8 c:/program files (x86)/gnu tools arm embedded/4.9 2014q4/bin/../lib/gcc/arm-none-eabi/4.9.3/../../../../arm-none-eabi/lib/armv7e-m\libg_nano.a(lib_a-wbuf.o)
                0x080051a4                __swbuf_r
 .text.__swsetup_r
                0x0800524c       0xd8 c:/program files (x86)/gnu tools arm embedded/4.9 2014q4/bin/../lib/gcc/arm-none-eabi/4.9.3/../../../../arm-none-eabi/lib/armv7e-m\libg_nano.a(lib_a-wsetup.o)
                0x0800524c                __swsetup_r
 .text.__sflush_r
                0x08005324      0x108 c:/program files (x86)/gnu tools arm embedded/4.9 2014q4/bin/../lib/gcc/arm-none-eabi/4.9.3/../../../../arm-none-eabi/lib/armv7e-m\libg_nano.a(lib_a-fflush.o)
                0x08005324                __sflush_r
 .text._fflush_r
                0x0800542c       0x54 c:/program files (x86)/gnu tools arm embedded/4.9 2014q4/bin/../lib/gcc/arm-none-eabi/4.9.3/../../../../arm-none-eabi/lib/armv7e-m\libg_nano.a(lib_a-fflush.o)
                0x0800542c                _fflush_r
 .text._cleanup_r
                0x08005480        0xc c:/program files (x86)/gnu tools arm embedded/4.9 2014q4/bin/../lib/gcc/arm-none-eabi/4.9.3/../../../../arm-none-eabi/lib/armv7e-m\libg_nano.a(lib_a-findfp.o)
                0x08005480                _cleanup_r
 .text.std.isra.0
                0x0800548c       0x48 c:/program files (x86)/gnu tools arm embedded/4.9 2014q4/bin/../lib/gcc/arm-none-eabi/4.9.3/../../../../arm-none-eabi/lib/armv7e-m\libg_nano.a(lib_a-findfp.o)
 .text.__sfmoreglue
                0x080054d4       0x2c c:/program files (x86)/gnu tools arm embedded/4.9 2014q4/bin/../lib/gcc/arm-none-eabi/4.9.3/../../../../arm-none-eabi/lib/armv7e-m\libg_nano.a(lib_a-findfp.o)
                0x080054d4                __sfmoreglue
 .text.__sinit  0x08005500       0x60 c:/program files (x86)/gnu tools arm embedded/4.9 2014q4/bin/../lib/gcc/arm-none-eabi/4.9.3/../../../../arm-none-eabi/lib/armv7e-m\libg_nano.a(lib_a-findfp.o)
                0x08005500                __sinit
 .text.__sfp    0x08005560       0x74 c:/program files (x86)/gnu tools arm embedded/4.9 2014q4/bin/../lib/gcc/arm-none-eabi/4.9.3/../../../../arm-none-eabi/lib/armv7e-m\libg_nano.a(lib_a-findfp.o)
                0x08005560                __sfp
 .text._fwalk_reent
                0x080055d4       0x3c c:/program files (x86)/gnu tools arm embedded/4.9 2014q4/bin/../lib/gcc/arm-none-eabi/4.9.3/../../../../arm-none-eabi/lib/armv7e-m\libg_nano.a(lib_a-fwalk.o)
                0x080055d4                _fwalk_reent
 .text.__smakebuf_r
                0x08005610       0x9c c:/program files (x86)/gnu tools arm embedded/4.9 2014q4/bin/../lib/gcc/arm-none-eabi/4.9.3/../../../../arm-none-eabi/lib/armv7e-m\libg_nano.a(lib_a-makebuf.o)
                0x08005610                __smakebuf_r
 .text.memset   0x080056ac       0x10 c:/program files (x86)/gnu tools arm embedded/4.9 2014q4/bin/../lib/gcc/arm-none-eabi/4.9.3/../../../../arm-none-eabi/lib/armv7e-m\libg_nano.a(lib_a-memset.o)
                0x080056ac                memset
 .text._free_r  0x080056bc       0x88 c:/program files (x86)/gnu tools arm embedded/4.9 2014q4/bin/../lib/gcc/arm-none-eabi/4.9.3/../../../../arm-none-eabi/lib/armv7e-m\libg_nano.a(lib_a-nano-freer.o)
                0x080056bc                _free_r
 .text._malloc_r
                0x08005744       0xac c:/program files (x86)/gnu tools arm embedded/4.9 2014q4/bin/../lib/gcc/arm-none-eabi/4.9.3/../../../../arm-none-eabi/lib/armv7e-m\libg_nano.a(lib_a-nano-mallocr.o)
                0x08005744                _malloc_r
 .text.__ssputs_r
                0x080057f0       0xb2 c:/program files (x86)/gnu tools arm embedded/4.9 2014q4/bin/../lib/gcc/arm-none-eabi/4.9.3/../../../../arm-none-eabi/lib/armv7e-m\libg_nano.a(lib_a-nano-svfprintf.o)
                0x080057f0                __ssputs_r
 *fill*         0x080058a2        0x2 
 .text._svfprintf_r
                0x080058a4      0x1e4 c:/program files (x86)/gnu tools arm embedded/4.9 2014q4/bin/../lib/gcc/arm-none-eabi/4.9.3/../../../../arm-none-eabi/lib/armv7e-m\libg_nano.a(lib_a-nano-svfprintf.o)
                0x080058a4                _svfiprintf_r
                0x080058a4                _svfprintf_r
 .text._printf_common
                0x08005a88       0xea c:/program files (x86)/gnu tools arm embedded/4.9 2014q4/bin/../lib/gcc/arm-none-eabi/4.9.3/../../../../arm-none-eabi/lib/armv7e-m\libg_nano.a(lib_a-nano-vfprintf_i.o)
                0x08005a88                _printf_common
 *fill*         0x08005b72        0x2 
 .text._printf_i
                0x08005b74      0x234 c:/program files (x86)/gnu tools arm embedded/4.9 2014q4/bin/../lib/gcc/arm-none-eabi/4.9.3/../../../../arm-none-eabi/lib/armv7e-m\libg_nano.a(lib_a-nano-vfprintf_i.o)
                0x08005b74                _printf_i
 .text._sbrk_r  0x08005da8       0x20 c:/program files (x86)/gnu tools arm embedded/4.9 2014q4/bin/../lib/gcc/arm-none-eabi/4.9.3/../../../../arm-none-eabi/lib/armv7e-m\libg_nano.a(lib_a-sbrkr.o)
                0x08005da8                _sbrk_r
 .text.__sread  0x08005dc8       0x22 c:/program files (x86)/gnu tools arm embedded/4.9 2014q4/bin/../lib/gcc/arm-none-eabi/4.9.3/../../../../arm-none-eabi/lib/armv7e-m\libg_nano.a(lib_a-stdio.o)
                0x08005dc8                __sread
 .text.__swrite
                0x08005dea       0x38 c:/program files (x86)/gnu tools arm embedded/4.9 2014q4/bin/../lib/gcc/arm-none-eabi/4.9.3/../../../../arm-none-eabi/lib/armv7e-m\libg_nano.a(lib_a-stdio.o)
                0x08005dea                __swrite
 .text.__sseek  0x08005e22       0x24 c:/program files (x86)/gnu tools arm embedded/4.9 2014q4/bin/../lib/gcc/arm-none-eabi/4.9.3/../../../../arm-none-eabi/lib/armv7e-m\libg_nano.a(lib_a-stdio.o)
                0x08005e22                __sseek
 .text.__sclose
                0x08005e46        0x8 c:/program files (x86)/gnu tools arm embedded/4.9 2014q4/bin/../lib/gcc/arm-none-eabi/4.9.3/../../../../arm-none-eabi/lib/armv7e-m\libg_nano.a(lib_a-stdio.o)
                0x08005e46                __sclose
 *fill*         0x08005e4e        0x2 
 .text._write_r
                0x08005e50       0x24 c:/program files (x86)/gnu tools arm embedded/4.9 2014q4/bin/../lib/gcc/arm-none-eabi/4.9.3/../../../../arm-none-eabi/lib/armv7e-m\libg_nano.a(lib_a-writer.o)
                0x08005e50                _write_r
 .text._close_r
                0x08005e74       0x20 c:/program files (x86)/gnu tools arm embedded/4.9 2014q4/bin/../lib/gcc/arm-none-eabi/4.9.3/../../../../arm-none-eabi/lib/armv7e-m\libg_nano.a(lib_a-closer.o)
                0x08005e74                _close_r
 .text._fstat_r
                0x08005e94       0x24 c:/program files (x86)/gnu tools arm embedded/4.9 2014q4/bin/../lib/gcc/arm-none-eabi/4.9.3/../../../../arm-none-eabi/lib/armv7e-m\libg_nano.a(lib_a-fstatr.o)
                0x08005e94                _fstat_r
 .text._isatty_r
                0x08005eb8       0x20 c:/program files (x86)/gnu tools arm embedded/4.9 2014q4/bin/../lib/gcc/arm-none-eabi/4.9.3/../../../../arm-none-eabi/lib/armv7e-m\libg_nano.a(lib_a-isattyr.o)
                0x08005eb8                _isatty_r
 .text._lseek_r
                0x08005ed8       0x24 c:/program files (x86)/gnu tools arm embedded/4.9 2014q4/bin/../lib/gcc/arm-none-eabi/4.9.3/../../../../arm-none-eabi/lib/armv7e-m\libg_nano.a(lib_a-lseekr.o)
                0x08005ed8                _lseek_r
 .text.memchr   0x08005efc       0x1e c:/program files (x86)/gnu tools arm embedded/4.9 2014q4/bin/../lib/gcc/arm-none-eabi/4.9.3/../../../../arm-none-eabi/lib/armv7e-m\libg_nano.a(lib_a-memchr.o)
                0x08005efc                memchr
 .text.memcpy   0x08005f1a       0x16 c:/program files (x86)/gnu tools arm embedded/4.9 2014q4/bin/../lib/gcc/arm-none-eabi/4.9.3/../../../../arm-none-eabi/lib/armv7e-m\libg_nano.a(lib_a-memcpy.o)
                0x08005f1a                memcpy
 .text.memmove  0x08005f30       0x36 c:/program files (x86)/gnu tools arm embedded/4.9 2014q4/bin/../lib/gcc/arm-none-eabi/4.9.3/../../../../arm-none-eabi/lib/armv7e-m\libg_nano.a(lib_a-memmove.o)
                0x08005f30                memmove
 .text._realloc_r
                0x08005f66       0x4c c:/program files (x86)/gnu tools arm embedded/4.9 2014q4/bin/../lib/gcc/arm-none-eabi/4.9.3/../../../../arm-none-eabi/lib/armv7e-m\libg_nano.a(lib_a-nano-reallocr.o)
                0x08005f66                _realloc_r
 *fill*         0x08005fb2        0x2 
 .text._read_r  0x08005fb4       0x24 c:/program files (x86)/gnu tools arm embedded/4.9 2014q4/bin/../lib/gcc/arm-none-eabi/4.9.3/../../../../arm-none-eabi/lib/armv7e-m\libg_nano.a(lib_a-readr.o)
                0x08005fb4                _read_r
 .text._malloc_usable_size_r
                0x08005fd8       0x14 c:/program files (x86)/gnu tools arm embedded/4.9 2014q4/bin/../lib/gcc/arm-none-eabi/4.9.3/../../../../arm-none-eabi/lib/armv7e-m\libg_nano.a(lib_a-nano-msizer.o)
                0x08005fd8                _malloc_usable_size_r
 *(.rodata .rodata.* .constdata .constdata.*)
 .rodata.str1.4
                0x08005fec       0x31 ./system/src/stm32f4-hal/stm32f4xx_hal_cortex.o
                                 0x34 (size before relaxing)
 *fill*         0x0800601d        0x3 
 .rodata.str1.4
                0x08006020       0x2e ./system/src/stm32f4-hal/stm32f4xx_hal_dma.o
                                 0x30 (size before relaxing)
 *fill*         0x0800604e        0x2 
 .rodata.str1.4
                0x08006050       0x30 ./system/src/stm32f4-hal/stm32f4xx_hal_dma2d.o
 .rodata.str1.4
                0x08006080       0x2f ./system/src/stm32f4-hal/stm32f4xx_hal_gpio.o
                                 0x30 (size before relaxing)
 *fill*         0x080060af        0x1 
 .rodata.str1.4
                0x080060b0       0x2f ./system/src/stm32f4-hal/stm32f4xx_hal_ltdc.o
                                 0x30 (size before relaxing)
 *fill*         0x080060df        0x1 
 .rodata.APBAHBPrescTable
                0x080060e0       0x10 ./system/src/stm32f4-hal/stm32f4xx_hal_rcc.o
                0x080060e0                APBAHBPrescTable
 .rodata.str1.4
                0x080060f0       0x2e ./system/src/stm32f4-hal/stm32f4xx_hal_rcc.o
                                 0x30 (size before relaxing)
 *fill*         0x0800611e        0x2 
 .rodata.str1.4
                0x08006120       0x31 ./system/src/stm32f4-hal/stm32f4xx_hal_rcc_ex.o
                                 0x34 (size before relaxing)
 *fill*         0x08006151        0x3 
 .rodata.str1.4
                0x08006154       0x2e ./system/src/stm32f4-hal/stm32f4xx_hal_spi.o
                                 0x30 (size before relaxing)
 *fill*         0x08006182        0x2 
 .rodata.str1.4
                0x08006184       0x2d ./system/src/stm32f4-hal/stm32f4xx_ll_fmc.o
                                 0x30 (size before relaxing)
 *fill*         0x080061b1        0x3 
 .rodata.str1.4
                0x080061b4       0x14 ./system/src/newlib/_exit.o
 .rodata.str1.4
                0x080061c8       0x6b ./system/src/newlib/assert.o
                                 0x70 (size before relaxing)
 *fill*         0x08006233        0x1 
 .rodata.str1.4
                0x08006234       0x29 ./system/src/diag/Trace.o
                                 0x30 (size before relaxing)
 *fill*         0x0800625d        0x3 
 .rodata.str1.4
                0x08006260        0x4 ./system/src/diag/trace_impl.o
 .rodata.str1.4
                0x08006264      0x146 ./system/src/cortexm/exception_handlers.o
                                0x14c (size before relaxing)
 *fill*         0x080063aa        0x2 
 .rodata.str1.4
                0x080063ac       0xa4 ./src/main.o
 .rodata.Font24_Table
                0x08006450     0x1ab8 ./src/stm32f429i_discovery_lcd.o
                0x08006450                Font24_Table
 .rodata.str1.1
                0x08007f08        0x2 c:/program files (x86)/gnu tools arm embedded/4.9 2014q4/bin/../lib/gcc/arm-none-eabi/4.9.3/../../../../arm-none-eabi/lib/armv7e-m\libg_nano.a(lib_a-impure.o)
 *fill*         0x08007f0a        0x2 
 .rodata._global_impure_ptr
                0x08007f0c        0x4 c:/program files (x86)/gnu tools arm embedded/4.9 2014q4/bin/../lib/gcc/arm-none-eabi/4.9.3/../../../../arm-none-eabi/lib/armv7e-m\libg_nano.a(lib_a-impure.o)
                0x08007f0c                _global_impure_ptr
 .rodata.__sf_fake_stdin
                0x08007f10       0x20 c:/program files (x86)/gnu tools arm embedded/4.9 2014q4/bin/../lib/gcc/arm-none-eabi/4.9.3/../../../../arm-none-eabi/lib/armv7e-m\libg_nano.a(lib_a-findfp.o)
                0x08007f10                __sf_fake_stdin
 .rodata.__sf_fake_stdout
                0x08007f30       0x20 c:/program files (x86)/gnu tools arm embedded/4.9 2014q4/bin/../lib/gcc/arm-none-eabi/4.9.3/../../../../arm-none-eabi/lib/armv7e-m\libg_nano.a(lib_a-findfp.o)
                0x08007f30                __sf_fake_stdout
 .rodata.__sf_fake_stderr
                0x08007f50       0x20 c:/program files (x86)/gnu tools arm embedded/4.9 2014q4/bin/../lib/gcc/arm-none-eabi/4.9.3/../../../../arm-none-eabi/lib/armv7e-m\libg_nano.a(lib_a-findfp.o)
                0x08007f50                __sf_fake_stderr
 .rodata.str1.1
                0x08007f70       0x11 c:/program files (x86)/gnu tools arm embedded/4.9 2014q4/bin/../lib/gcc/arm-none-eabi/4.9.3/../../../../arm-none-eabi/lib/armv7e-m\libg_nano.a(lib_a-nano-svfprintf.o)
 .rodata.str1.1
                0x08007f81       0x22 c:/program files (x86)/gnu tools arm embedded/4.9 2014q4/bin/../lib/gcc/arm-none-eabi/4.9.3/../../../../arm-none-eabi/lib/armv7e-m\libg_nano.a(lib_a-nano-vfprintf_i.o)
 *(vtable)
 *(.eh_frame*)
 *fill*         0x08007fa3        0x1 
 .eh_frame      0x08007fa4       0x28 c:/program files (x86)/gnu tools arm embedded/4.9 2014q4/bin/../lib/gcc/arm-none-eabi/4.9.3/../../../../arm-none-eabi/lib/armv7e-m\libg_nano.a(lib_a-strcmp.o)
 *(.glue_7)
 .glue_7        0x00000000        0x0 linker stubs
 *(.glue_7t)
 .glue_7t       0x00000000        0x0 linker stubs

.vfp11_veneer   0x08007fcc        0x0
 .vfp11_veneer  0x00000000        0x0 linker stubs

.v4_bx          0x08007fcc        0x0
 .v4_bx         0x00000000        0x0 linker stubs

.iplt           0x08007fcc        0x0
 .iplt          0x00000000        0x0 ./system/src/stm32f4-hal/stm32f4xx_hal.o

.rel.dyn        0x08007fcc        0x0
 .rel.iplt      0x00000000        0x0 ./system/src/stm32f4-hal/stm32f4xx_hal.o

.ARM.extab
 *(.ARM.extab* .gnu.linkonce.armextab.*)
                0x08007fcc                . = ALIGN (0x4)
                0x08007fcc                __exidx_start = .

.ARM.exidx
 *(.ARM.exidx* .gnu.linkonce.armexidx.*)
                0x08007fcc                __exidx_end = .
                0x08007fcc                . = ALIGN (0x4)
                0x08007fcc                _etext = .
                0x08007fcc                __etext = .

.data_CCMRAM    0x10000000        0x0 load address 0x08007fcc
 FILL mask 0xff
 *(.data.CCMRAM .data.CCMRAM.*)
                0x10000000                . = ALIGN (0x4)
                0x08007fcc                _sidata = LOADADDR (.data)

.data           0x20000000       0xcc load address 0x08007fcc
 FILL mask 0xff
                0x20000000                _sdata = .
                0x20000000                __data_start__ = .
 *(.data_begin .data_begin.*)
 .data_begin    0x20000000        0x4 ./system/src/newlib/_startup.o
 *(.data .data.*)
 .data.argv.4510
                0x20000004        0x8 ./system/src/newlib/_syscalls.o
 .data.AHBPrescTable
                0x2000000c       0x10 ./system/src/cmsis/system_stm32f4xx.o
                0x2000000c                AHBPrescTable
 .data.SystemCoreClock
                0x2000001c        0x4 ./system/src/cmsis/system_stm32f4xx.o
                0x2000001c                SystemCoreClock
 .data.SpixTimeout
                0x20000020        0x4 ./src/stm32f429i_discovery.o
                0x20000020                SpixTimeout
 .data.Font24   0x20000024        0x8 ./src/stm32f429i_discovery_lcd.o
                0x20000024                Font24
 .data.ili9341_drv
                0x2000002c       0x38 ./src/stm32f429i_discovery_lcd.o
                0x2000002c                ili9341_drv
 .data.impure_data
                0x20000064       0x60 c:/program files (x86)/gnu tools arm embedded/4.9 2014q4/bin/../lib/gcc/arm-none-eabi/4.9.3/../../../../arm-none-eabi/lib/armv7e-m\libg_nano.a(lib_a-impure.o)
 .data._impure_ptr
                0x200000c4        0x4 c:/program files (x86)/gnu tools arm embedded/4.9 2014q4/bin/../lib/gcc/arm-none-eabi/4.9.3/../../../../arm-none-eabi/lib/armv7e-m\libg_nano.a(lib_a-impure.o)
                0x200000c4                _impure_ptr
 *(.data_end .data_end.*)
 .data_end      0x200000c8        0x4 ./system/src/newlib/_startup.o
                0x200000cc                . = ALIGN (0x4)
                0x200000cc                _edata = .
                0x200000cc                __data_end__ = .

.igot.plt       0x200000cc        0x0 load address 0x08008098
 .igot.plt      0x00000000        0x0 ./system/src/stm32f4-hal/stm32f4xx_hal.o

.bss_CCMRAM     0x10000000        0x0
 *(.bss.CCMRAM .bss.CCMRAM.*)

.bss            0x200000cc      0x2e8
                0x200000cc                __bss_start__ = .
                0x200000cc                _sbss = .
 *(.bss_begin .bss_begin.*)
 .bss_begin     0x200000cc        0x4 ./system/src/newlib/_startup.o
 *(.bss .bss.*)
 .bss.uwTick    0x200000d0        0x4 ./system/src/stm32f4-hal/stm32f4xx_hal.o
 .bss.current_heap_end.4304
                0x200000d4        0x4 ./system/src/newlib/_sbrk.o
 .bss.name.4509
                0x200000d8        0x4 ./system/src/newlib/_syscalls.o
 .bss.buf.5385  0x200000dc       0x80 ./system/src/diag/Trace.o
 .bss.handle.10135
                0x2000015c        0x4 ./system/src/diag/trace_impl.o
 .bss.SpiHandle
                0x20000160       0x58 ./src/stm32f429i_discovery.o
 .bss.Is_LCD_IO_Initialized
                0x200001b8        0x1 ./src/stm32f429i_discovery.o
 *fill*         0x200001b9        0x3 
 .bss.ActiveLayer
                0x200001bc        0x4 ./src/stm32f429i_discovery_lcd.o
 .bss.PeriphClkInitStruct
                0x200001c0       0x30 ./src/stm32f429i_discovery_lcd.o
 .bss.DrawProp  0x200001f0       0x18 ./src/stm32f429i_discovery_lcd.o
 .bss.Dma2dHandler
                0x20000208       0x40 ./src/stm32f429i_discovery_lcd.o
 .bss.LtdcHandler
                0x20000248       0xa8 ./src/stm32f429i_discovery_lcd.o
 .bss.Command   0x200002f0       0x10 ./src/stm32f429i_discovery_sdram.o
 .bss.dmaHandle.9874
                0x20000300       0x50 ./src/stm32f429i_discovery_sdram.o
 .bss.Timing    0x20000350       0x1c ./src/stm32f429i_discovery_sdram.o
 .bss.SdramHandle
                0x2000036c       0x34 ./src/stm32f429i_discovery_sdram.o
 .bss.__malloc_sbrk_start
                0x200003a0        0x4 c:/program files (x86)/gnu tools arm embedded/4.9 2014q4/bin/../lib/gcc/arm-none-eabi/4.9.3/../../../../arm-none-eabi/lib/armv7e-m\libg_nano.a(lib_a-nano-mallocr.o)
                0x200003a0                __malloc_sbrk_start
 .bss.__malloc_free_list
                0x200003a4        0x4 c:/program files (x86)/gnu tools arm embedded/4.9 2014q4/bin/../lib/gcc/arm-none-eabi/4.9.3/../../../../arm-none-eabi/lib/armv7e-m\libg_nano.a(lib_a-nano-mallocr.o)
                0x200003a4                __malloc_free_list
 *(COMMON)
 COMMON         0x200003a8        0x4 ./system/src/newlib/_syscalls.o
                0x200003a8                errno
 COMMON         0x200003ac        0x4 ./src/stm32f429i_discovery_lcd.o
                0x200003ac                LcdDrv
 *(.bss_end .bss_end.*)
 .bss_end       0x200003b0        0x4 ./system/src/newlib/_startup.o
                0x200003b4                . = ALIGN (0x4)
                0x200003b4                __bss_end__ = .
                0x200003b4                _ebss = .

.noinit_CCMRAM
 *(.noinit.CCMRAM .noinit.CCMRAM.*)

.noinit         0x200003b4        0x0
                0x200003b4                _noinit = .
 *(.noinit .noinit.*)
                0x200003b4                . = ALIGN (0x4)
                0x200003b4                _end_noinit = .
                0x200003b4                PROVIDE (end, _end_noinit)
                0x200003b4                PROVIDE (_end, _end_noinit)
                0x200003b4                PROVIDE (__end, _end_noinit)
                0x200003b4                PROVIDE (__end__, _end_noinit)

._check_stack   0x200003b4      0x100
                0x200004b4                . = (. + _Minimum_Stack_Size)
 *fill*         0x200003b4      0x100 

.b1text
 *(.b1text)
 *(.b1rodata)
 *(.b1rodata.*)

.eb0text
 *(.eb0text)
 *(.eb0rodata)
 *(.eb0rodata.*)

.eb1text
 *(.eb1text)
 *(.eb1rodata)
 *(.eb1rodata.*)

.eb2text
 *(.eb2text)
 *(.eb2rodata)
 *(.eb2rodata.*)

.eb3text
 *(.eb3text)
 *(.eb3rodata)
 *(.eb3rodata.*)

.stab
 *(.stab)

.stabstr
 *(.stabstr)

.stab.excl
 *(.stab.excl)

.stab.exclstr
 *(.stab.exclstr)

.stab.index
 *(.stab.index)

.stab.indexstr
 *(.stab.indexstr)

.comment        0x00000000       0x70
 *(.comment)
 .comment       0x00000000       0x70 ./system/src/stm32f4-hal/stm32f4xx_hal.o
                                 0x71 (size before relaxing)
 .comment       0x00000000       0x71 ./system/src/stm32f4-hal/stm32f4xx_hal_cortex.o
 .comment       0x00000000       0x71 ./system/src/stm32f4-hal/stm32f4xx_hal_dma.o
 .comment       0x00000000       0x71 ./system/src/stm32f4-hal/stm32f4xx_hal_dma2d.o
 .comment       0x00000000       0x71 ./system/src/stm32f4-hal/stm32f4xx_hal_gpio.o
 .comment       0x00000000       0x71 ./system/src/stm32f4-hal/stm32f4xx_hal_ltdc.o
 .comment       0x00000000       0x71 ./system/src/stm32f4-hal/stm32f4xx_hal_rcc.o
 .comment       0x00000000       0x71 ./system/src/stm32f4-hal/stm32f4xx_hal_rcc_ex.o
 .comment       0x00000000       0x71 ./system/src/stm32f4-hal/stm32f4xx_hal_sdram.o
 .comment       0x00000000       0x71 ./system/src/stm32f4-hal/stm32f4xx_hal_spi.o
 .comment       0x00000000       0x71 ./system/src/stm32f4-hal/stm32f4xx_ll_fmc.o
 .comment       0x00000000       0x71 ./system/src/newlib/_exit.o
 .comment       0x00000000       0x71 ./system/src/newlib/_sbrk.o
 .comment       0x00000000       0x71 ./system/src/newlib/_startup.o
 .comment       0x00000000       0x71 ./system/src/newlib/_syscalls.o
 .comment       0x00000000       0x71 ./system/src/newlib/assert.o
 .comment       0x00000000       0x71 ./system/src/diag/Trace.o
 .comment       0x00000000       0x71 ./system/src/diag/trace_impl.o
 .comment       0x00000000       0x71 ./system/src/cortexm/_initialize_hardware.o
 .comment       0x00000000       0x71 ./system/src/cortexm/exception_handlers.o
 .comment       0x00000000       0x71 ./system/src/cmsis/system_stm32f4xx.o
 .comment       0x00000000       0x71 ./system/src/cmsis/vectors_stm32f4xx.o
 .comment       0x00000000       0x71 ./src/_write.o
 .comment       0x00000000       0x71 ./src/main.o
 .comment       0x00000000       0x71 ./src/stm32f429i_discovery.o
 .comment       0x00000000       0x71 ./src/stm32f429i_discovery_lcd.o
 .comment       0x00000000       0x71 ./src/stm32f429i_discovery_sdram.o

.ARM.attributes
                0x00000000       0x31
 .ARM.attributes
                0x00000000       0x33 ./system/src/stm32f4-hal/stm32f4xx_hal.o
 .ARM.attributes
                0x00000033       0x33 ./system/src/stm32f4-hal/stm32f4xx_hal_cortex.o
 .ARM.attributes
                0x00000066       0x33 ./system/src/stm32f4-hal/stm32f4xx_hal_dma.o
 .ARM.attributes
                0x00000099       0x33 ./system/src/stm32f4-hal/stm32f4xx_hal_dma2d.o
 .ARM.attributes
                0x000000cc       0x33 ./system/src/stm32f4-hal/stm32f4xx_hal_gpio.o
 .ARM.attributes
                0x000000ff       0x33 ./system/src/stm32f4-hal/stm32f4xx_hal_ltdc.o
 .ARM.attributes
                0x00000132       0x33 ./system/src/stm32f4-hal/stm32f4xx_hal_rcc.o
 .ARM.attributes
                0x00000165       0x33 ./system/src/stm32f4-hal/stm32f4xx_hal_rcc_ex.o
 .ARM.attributes
                0x00000198       0x33 ./system/src/stm32f4-hal/stm32f4xx_hal_sdram.o
 .ARM.attributes
                0x000001cb       0x33 ./system/src/stm32f4-hal/stm32f4xx_hal_spi.o
 .ARM.attributes
                0x000001fe       0x33 ./system/src/stm32f4-hal/stm32f4xx_ll_fmc.o
 .ARM.attributes
                0x00000231       0x33 ./system/src/newlib/_exit.o
 .ARM.attributes
                0x00000264       0x33 ./system/src/newlib/_sbrk.o
 .ARM.attributes
                0x00000297       0x33 ./system/src/newlib/_startup.o
 .ARM.attributes
                0x000002ca       0x33 ./system/src/newlib/_syscalls.o
 .ARM.attributes
                0x000002fd       0x33 ./system/src/newlib/assert.o
 .ARM.attributes
                0x00000330       0x33 ./system/src/diag/Trace.o
 .ARM.attributes
                0x00000363       0x33 ./system/src/diag/trace_impl.o
 .ARM.attributes
                0x00000396       0x33 ./system/src/cortexm/_initialize_hardware.o
 .ARM.attributes
                0x000003c9       0x33 ./system/src/cortexm/exception_handlers.o
 .ARM.attributes
                0x000003fc       0x33 ./system/src/cmsis/system_stm32f4xx.o
 .ARM.attributes
                0x0000042f       0x33 ./system/src/cmsis/vectors_stm32f4xx.o
 .ARM.attributes
                0x00000462       0x33 ./src/_write.o
 .ARM.attributes
                0x00000495       0x33 ./src/main.o
 .ARM.attributes
                0x000004c8       0x33 ./src/stm32f429i_discovery.o
 .ARM.attributes
                0x000004fb       0x33 ./src/stm32f429i_discovery_lcd.o
 .ARM.attributes
                0x0000052e       0x33 ./src/stm32f429i_discovery_sdram.o
 .ARM.attributes
                0x00000561       0x2e c:/program files (x86)/gnu tools arm embedded/4.9 2014q4/bin/../lib/gcc/arm-none-eabi/4.9.3/../../../../arm-none-eabi/lib/armv7e-m\libg_nano.a(lib_a-errno.o)
 .ARM.attributes
                0x0000058f       0x2e c:/program files (x86)/gnu tools arm embedded/4.9 2014q4/bin/../lib/gcc/arm-none-eabi/4.9.3/../../../../arm-none-eabi/lib/armv7e-m\libg_nano.a(lib_a-fwrite.o)
 .ARM.attributes
                0x000005bd       0x2e c:/program files (x86)/gnu tools arm embedded/4.9 2014q4/bin/../lib/gcc/arm-none-eabi/4.9.3/../../../../arm-none-eabi/lib/armv7e-m\libg_nano.a(lib_a-impure.o)
 .ARM.attributes
                0x000005eb       0x2e c:/program files (x86)/gnu tools arm embedded/4.9 2014q4/bin/../lib/gcc/arm-none-eabi/4.9.3/../../../../arm-none-eabi/lib/armv7e-m\libg_nano.a(lib_a-puts.o)
 .ARM.attributes
                0x00000619       0x1c c:/program files (x86)/gnu tools arm embedded/4.9 2014q4/bin/../lib/gcc/arm-none-eabi/4.9.3/../../../../arm-none-eabi/lib/armv7e-m\libg_nano.a(lib_a-strcmp.o)
 .ARM.attributes
                0x00000635       0x2e c:/program files (x86)/gnu tools arm embedded/4.9 2014q4/bin/../lib/gcc/arm-none-eabi/4.9.3/../../../../arm-none-eabi/lib/armv7e-m\libg_nano.a(lib_a-strlen.o)
 .ARM.attributes
                0x00000663       0x2e c:/program files (x86)/gnu tools arm embedded/4.9 2014q4/bin/../lib/gcc/arm-none-eabi/4.9.3/../../../../arm-none-eabi/lib/armv7e-m\libg_nano.a(lib_a-vsnprintf.o)
 .ARM.attributes
                0x00000691       0x2e c:/program files (x86)/gnu tools arm embedded/4.9 2014q4/bin/../lib/gcc/arm-none-eabi/4.9.3/../../../../arm-none-eabi/lib/armv7e-m\libg_nano.a(lib_a-wbuf.o)
 .ARM.attributes
                0x000006bf       0x2e c:/program files (x86)/gnu tools arm embedded/4.9 2014q4/bin/../lib/gcc/arm-none-eabi/4.9.3/../../../../arm-none-eabi/lib/armv7e-m\libg_nano.a(lib_a-wsetup.o)
 .ARM.attributes
                0x000006ed       0x2e c:/program files (x86)/gnu tools arm embedded/4.9 2014q4/bin/../lib/gcc/arm-none-eabi/4.9.3/../../../../arm-none-eabi/lib/armv7e-m\libg_nano.a(lib_a-fflush.o)
 .ARM.attributes
                0x0000071b       0x2e c:/program files (x86)/gnu tools arm embedded/4.9 2014q4/bin/../lib/gcc/arm-none-eabi/4.9.3/../../../../arm-none-eabi/lib/armv7e-m\libg_nano.a(lib_a-findfp.o)
 .ARM.attributes
                0x00000749       0x2e c:/program files (x86)/gnu tools arm embedded/4.9 2014q4/bin/../lib/gcc/arm-none-eabi/4.9.3/../../../../arm-none-eabi/lib/armv7e-m\libg_nano.a(lib_a-fwalk.o)
 .ARM.attributes
                0x00000777       0x2e c:/program files (x86)/gnu tools arm embedded/4.9 2014q4/bin/../lib/gcc/arm-none-eabi/4.9.3/../../../../arm-none-eabi/lib/armv7e-m\libg_nano.a(lib_a-makebuf.o)
 .ARM.attributes
                0x000007a5       0x2e c:/program files (x86)/gnu tools arm embedded/4.9 2014q4/bin/../lib/gcc/arm-none-eabi/4.9.3/../../../../arm-none-eabi/lib/armv7e-m\libg_nano.a(lib_a-memset.o)
 .ARM.attributes
                0x000007d3       0x2e c:/program files (x86)/gnu tools arm embedded/4.9 2014q4/bin/../lib/gcc/arm-none-eabi/4.9.3/../../../../arm-none-eabi/lib/armv7e-m\libg_nano.a(lib_a-nano-freer.o)
 .ARM.attributes
                0x00000801       0x2e c:/program files (x86)/gnu tools arm embedded/4.9 2014q4/bin/../lib/gcc/arm-none-eabi/4.9.3/../../../../arm-none-eabi/lib/armv7e-m\libg_nano.a(lib_a-nano-mallocr.o)
 .ARM.attributes
                0x0000082f       0x2e c:/program files (x86)/gnu tools arm embedded/4.9 2014q4/bin/../lib/gcc/arm-none-eabi/4.9.3/../../../../arm-none-eabi/lib/armv7e-m\libg_nano.a(lib_a-nano-svfprintf.o)
 .ARM.attributes
                0x0000085d       0x2e c:/program files (x86)/gnu tools arm embedded/4.9 2014q4/bin/../lib/gcc/arm-none-eabi/4.9.3/../../../../arm-none-eabi/lib/armv7e-m\libg_nano.a(lib_a-nano-vfprintf_i.o)
 .ARM.attributes
                0x0000088b       0x2e c:/program files (x86)/gnu tools arm embedded/4.9 2014q4/bin/../lib/gcc/arm-none-eabi/4.9.3/../../../../arm-none-eabi/lib/armv7e-m\libg_nano.a(lib_a-sbrkr.o)
 .ARM.attributes
                0x000008b9       0x2e c:/program files (x86)/gnu tools arm embedded/4.9 2014q4/bin/../lib/gcc/arm-none-eabi/4.9.3/../../../../arm-none-eabi/lib/armv7e-m\libg_nano.a(lib_a-stdio.o)
 .ARM.attributes
                0x000008e7       0x2e c:/program files (x86)/gnu tools arm embedded/4.9 2014q4/bin/../lib/gcc/arm-none-eabi/4.9.3/../../../../arm-none-eabi/lib/armv7e-m\libg_nano.a(lib_a-writer.o)
 .ARM.attributes
                0x00000915       0x2e c:/program files (x86)/gnu tools arm embedded/4.9 2014q4/bin/../lib/gcc/arm-none-eabi/4.9.3/../../../../arm-none-eabi/lib/armv7e-m\libg_nano.a(lib_a-closer.o)
 .ARM.attributes
                0x00000943       0x2e c:/program files (x86)/gnu tools arm embedded/4.9 2014q4/bin/../lib/gcc/arm-none-eabi/4.9.3/../../../../arm-none-eabi/lib/armv7e-m\libg_nano.a(lib_a-fstatr.o)
 .ARM.attributes
                0x00000971       0x2e c:/program files (x86)/gnu tools arm embedded/4.9 2014q4/bin/../lib/gcc/arm-none-eabi/4.9.3/../../../../arm-none-eabi/lib/armv7e-m\libg_nano.a(lib_a-isattyr.o)
 .ARM.attributes
                0x0000099f       0x2e c:/program files (x86)/gnu tools arm embedded/4.9 2014q4/bin/../lib/gcc/arm-none-eabi/4.9.3/../../../../arm-none-eabi/lib/armv7e-m\libg_nano.a(lib_a-lseekr.o)
 .ARM.attributes
                0x000009cd       0x2e c:/program files (x86)/gnu tools arm embedded/4.9 2014q4/bin/../lib/gcc/arm-none-eabi/4.9.3/../../../../arm-none-eabi/lib/armv7e-m\libg_nano.a(lib_a-memchr.o)
 .ARM.attributes
                0x000009fb       0x2e c:/program files (x86)/gnu tools arm embedded/4.9 2014q4/bin/../lib/gcc/arm-none-eabi/4.9.3/../../../../arm-none-eabi/lib/armv7e-m\libg_nano.a(lib_a-memcpy.o)
 .ARM.attributes
                0x00000a29       0x2e c:/program files (x86)/gnu tools arm embedded/4.9 2014q4/bin/../lib/gcc/arm-none-eabi/4.9.3/../../../../arm-none-eabi/lib/armv7e-m\libg_nano.a(lib_a-memmove.o)
 .ARM.attributes
                0x00000a57       0x2e c:/program files (x86)/gnu tools arm embedded/4.9 2014q4/bin/../lib/gcc/arm-none-eabi/4.9.3/../../../../arm-none-eabi/lib/armv7e-m\libg_nano.a(lib_a-nano-reallocr.o)
 .ARM.attributes
                0x00000a85       0x2e c:/program files (x86)/gnu tools arm embedded/4.9 2014q4/bin/../lib/gcc/arm-none-eabi/4.9.3/../../../../arm-none-eabi/lib/armv7e-m\libg_nano.a(lib_a-readr.o)
 .ARM.attributes
                0x00000ab3       0x2e c:/program files (x86)/gnu tools arm embedded/4.9 2014q4/bin/../lib/gcc/arm-none-eabi/4.9.3/../../../../arm-none-eabi/lib/armv7e-m\libg_nano.a(lib_a-nano-msizer.o)

.debug
 *(.debug)

.line
 *(.line)

.debug_srcinfo
 *(.debug_srcinfo)

.debug_sfnames
 *(.debug_sfnames)

.debug_aranges  0x00000000      0xe08
 *(.debug_aranges)
 .debug_aranges
                0x00000000       0xd0 ./system/src/stm32f4-hal/stm32f4xx_hal.o
 .debug_aranges
                0x000000d0       0x90 ./system/src/stm32f4-hal/stm32f4xx_hal_cortex.o
 .debug_aranges
                0x00000160       0x68 ./system/src/stm32f4-hal/stm32f4xx_hal_dma.o
 .debug_aranges
                0x000001c8       0xc0 ./system/src/stm32f4-hal/stm32f4xx_hal_dma2d.o
 .debug_aranges
                0x00000288       0x58 ./system/src/stm32f4-hal/stm32f4xx_hal_gpio.o
 .debug_aranges
                0x000002e0       0xe0 ./system/src/stm32f4-hal/stm32f4xx_hal_ltdc.o
 .debug_aranges
                0x000003c0       0x88 ./system/src/stm32f4-hal/stm32f4xx_hal_rcc.o
 .debug_aranges
                0x00000448       0x28 ./system/src/stm32f4-hal/stm32f4xx_hal_rcc_ex.o
 .debug_aranges
                0x00000470       0xd0 ./system/src/stm32f4-hal/stm32f4xx_hal_sdram.o
 .debug_aranges
                0x00000540      0x150 ./system/src/stm32f4-hal/stm32f4xx_hal_spi.o
 .debug_aranges
                0x00000690       0xf0 ./system/src/stm32f4-hal/stm32f4xx_ll_fmc.o
 .debug_aranges
                0x00000780       0x28 ./system/src/newlib/_exit.o
 .debug_aranges
                0x000007a8       0x20 ./system/src/newlib/_sbrk.o
 .debug_aranges
                0x000007c8       0x40 ./system/src/newlib/_startup.o
 .debug_aranges
                0x00000808       0xd0 ./system/src/newlib/_syscalls.o
 .debug_aranges
                0x000008d8       0x28 ./system/src/newlib/assert.o
 .debug_aranges
                0x00000900       0x38 ./system/src/diag/Trace.o
 .debug_aranges
                0x00000938       0x30 ./system/src/diag/trace_impl.o
 .debug_aranges
                0x00000968       0x28 ./system/src/cortexm/_initialize_hardware.o
 .debug_aranges
                0x00000990       0x90 ./system/src/cortexm/exception_handlers.o
 .debug_aranges
                0x00000a20       0x28 ./system/src/cmsis/system_stm32f4xx.o
 .debug_aranges
                0x00000a48       0x20 ./system/src/cmsis/vectors_stm32f4xx.o
 .debug_aranges
                0x00000a68       0x20 ./src/_write.o
 .debug_aranges
                0x00000a88       0x30 ./src/main.o
 .debug_aranges
                0x00000ab8      0x138 ./src/stm32f429i_discovery.o
 .debug_aranges
                0x00000bf0      0x1b8 ./src/stm32f429i_discovery_lcd.o
 .debug_aranges
                0x00000da8       0x60 ./src/stm32f429i_discovery_sdram.o

.debug_pubnames
 *(.debug_pubnames)

.debug_info     0x00000000    0x151c0
 *(.debug_info .gnu.linkonce.wi.*)
 .debug_info    0x00000000      0xaf7 ./system/src/stm32f4-hal/stm32f4xx_hal.o
 .debug_info    0x00000af7      0xe7d ./system/src/stm32f4-hal/stm32f4xx_hal_cortex.o
 .debug_info    0x00001974      0x911 ./system/src/stm32f4-hal/stm32f4xx_hal_dma.o
 .debug_info    0x00002285      0xe50 ./system/src/stm32f4-hal/stm32f4xx_hal_dma2d.o
 .debug_info    0x000030d5      0x876 ./system/src/stm32f4-hal/stm32f4xx_hal_gpio.o
 .debug_info    0x0000394b     0x129e ./system/src/stm32f4-hal/stm32f4xx_hal_ltdc.o
 .debug_info    0x00004be9     0x12ed ./system/src/stm32f4-hal/stm32f4xx_hal_rcc.o
 .debug_info    0x00005ed6      0xb6a ./system/src/stm32f4-hal/stm32f4xx_hal_rcc_ex.o
 .debug_info    0x00006a40      0xe1e ./system/src/stm32f4-hal/stm32f4xx_hal_sdram.o
 .debug_info    0x0000785e     0x1856 ./system/src/stm32f4-hal/stm32f4xx_hal_spi.o
 .debug_info    0x000090b4     0x1d39 ./system/src/stm32f4-hal/stm32f4xx_ll_fmc.o
 .debug_info    0x0000aded      0x100 ./system/src/newlib/_exit.o
 .debug_info    0x0000aeed      0x125 ./system/src/newlib/_sbrk.o
 .debug_info    0x0000b012      0x51a ./system/src/newlib/_startup.o
 .debug_info    0x0000b52c      0x8f3 ./system/src/newlib/_syscalls.o
 .debug_info    0x0000be1f      0x1c6 ./system/src/newlib/assert.o
 .debug_info    0x0000bfe5      0x32b ./system/src/diag/Trace.o
 .debug_info    0x0000c310      0x2fa ./system/src/diag/trace_impl.o
 .debug_info    0x0000c60a       0xea ./system/src/cortexm/_initialize_hardware.o
 .debug_info    0x0000c6f4      0x961 ./system/src/cortexm/exception_handlers.o
 .debug_info    0x0000d055      0x4c1 ./system/src/cmsis/system_stm32f4xx.o
 .debug_info    0x0000d516       0xd1 ./system/src/cmsis/vectors_stm32f4xx.o
 .debug_info    0x0000d5e7      0x147 ./src/_write.o
 .debug_info    0x0000d72e     0x15d8 ./src/main.o
 .debug_info    0x0000ed06     0x1f2e ./src/stm32f429i_discovery.o
 .debug_info    0x00010c34     0x3469 ./src/stm32f429i_discovery_lcd.o
 .debug_info    0x0001409d     0x1123 ./src/stm32f429i_discovery_sdram.o

.debug_abbrev   0x00000000     0x32d4
 *(.debug_abbrev)
 .debug_abbrev  0x00000000      0x27e ./system/src/stm32f4-hal/stm32f4xx_hal.o
 .debug_abbrev  0x0000027e      0x2d7 ./system/src/stm32f4-hal/stm32f4xx_hal_cortex.o
 .debug_abbrev  0x00000555      0x221 ./system/src/stm32f4-hal/stm32f4xx_hal_dma.o
 .debug_abbrev  0x00000776      0x23b ./system/src/stm32f4-hal/stm32f4xx_hal_dma2d.o
 .debug_abbrev  0x000009b1      0x1fe ./system/src/stm32f4-hal/stm32f4xx_hal_gpio.o
 .debug_abbrev  0x00000baf      0x20d ./system/src/stm32f4-hal/stm32f4xx_hal_ltdc.o
 .debug_abbrev  0x00000dbc      0x2c1 ./system/src/stm32f4-hal/stm32f4xx_hal_rcc.o
 .debug_abbrev  0x0000107d      0x237 ./system/src/stm32f4-hal/stm32f4xx_hal_rcc_ex.o
 .debug_abbrev  0x000012b4      0x229 ./system/src/stm32f4-hal/stm32f4xx_hal_sdram.o
 .debug_abbrev  0x000014dd      0x274 ./system/src/stm32f4-hal/stm32f4xx_hal_spi.o
 .debug_abbrev  0x00001751      0x1bf ./system/src/stm32f4-hal/stm32f4xx_ll_fmc.o
 .debug_abbrev  0x00001910       0xa4 ./system/src/newlib/_exit.o
 .debug_abbrev  0x000019b4       0xbb ./system/src/newlib/_sbrk.o
 .debug_abbrev  0x00001a6f      0x211 ./system/src/newlib/_startup.o
 .debug_abbrev  0x00001c80      0x178 ./system/src/newlib/_syscalls.o
 .debug_abbrev  0x00001df8       0xc9 ./system/src/newlib/assert.o
 .debug_abbrev  0x00001ec1      0x178 ./system/src/diag/Trace.o
 .debug_abbrev  0x00002039      0x1a7 ./system/src/diag/trace_impl.o
 .debug_abbrev  0x000021e0       0x88 ./system/src/cortexm/_initialize_hardware.o
 .debug_abbrev  0x00002268      0x251 ./system/src/cortexm/exception_handlers.o
 .debug_abbrev  0x000024b9      0x104 ./system/src/cmsis/system_stm32f4xx.o
 .debug_abbrev  0x000025bd       0x9d ./system/src/cmsis/vectors_stm32f4xx.o
 .debug_abbrev  0x0000265a       0xd7 ./src/_write.o
 .debug_abbrev  0x00002731      0x360 ./src/main.o
 .debug_abbrev  0x00002a91      0x297 ./src/stm32f429i_discovery.o
 .debug_abbrev  0x00002d28      0x37f ./src/stm32f429i_discovery_lcd.o
 .debug_abbrev  0x000030a7      0x22d ./src/stm32f429i_discovery_sdram.o

.debug_line     0x00000000    0x11716
 *(.debug_line)
 .debug_line    0x00000000      0xa0c ./system/src/stm32f4-hal/stm32f4xx_hal.o
 .debug_line    0x00000a0c      0xa1d ./system/src/stm32f4-hal/stm32f4xx_hal_cortex.o
 .debug_line    0x00001429     0x2da2 ./system/src/stm32f4-hal/stm32f4xx_hal_dma.o
 .debug_line    0x000041cb      0xbe8 ./system/src/stm32f4-hal/stm32f4xx_hal_dma2d.o
 .debug_line    0x00004db3      0xb60 ./system/src/stm32f4-hal/stm32f4xx_hal_gpio.o
 .debug_line    0x00005913      0xdd1 ./system/src/stm32f4-hal/stm32f4xx_hal_ltdc.o
 .debug_line    0x000066e4      0xd37 ./system/src/stm32f4-hal/stm32f4xx_hal_rcc.o
 .debug_line    0x0000741b      0xa0f ./system/src/stm32f4-hal/stm32f4xx_hal_rcc_ex.o
 .debug_line    0x00007e2a      0xb37 ./system/src/stm32f4-hal/stm32f4xx_hal_sdram.o
 .debug_line    0x00008961     0x112a ./system/src/stm32f4-hal/stm32f4xx_hal_spi.o
 .debug_line    0x00009a8b     0x10c3 ./system/src/stm32f4-hal/stm32f4xx_ll_fmc.o
 .debug_line    0x0000ab4e      0x2c1 ./system/src/newlib/_exit.o
 .debug_line    0x0000ae0f      0x264 ./system/src/newlib/_sbrk.o
 .debug_line    0x0000b073      0x33d ./system/src/newlib/_startup.o
 .debug_line    0x0000b3b0      0x4da ./system/src/newlib/_syscalls.o
 .debug_line    0x0000b88a      0x301 ./system/src/newlib/assert.o
 .debug_line    0x0000bb8b      0x31c ./system/src/diag/Trace.o
 .debug_line    0x0000bea7      0x973 ./system/src/diag/trace_impl.o
 .debug_line    0x0000c81a      0x866 ./system/src/cortexm/_initialize_hardware.o
 .debug_line    0x0000d080      0xa3f ./system/src/cortexm/exception_handlers.o
 .debug_line    0x0000dabf      0x867 ./system/src/cmsis/system_stm32f4xx.o
 .debug_line    0x0000e326      0x22b ./system/src/cmsis/vectors_stm32f4xx.o
 .debug_line    0x0000e551      0x295 ./src/_write.o
 .debug_line    0x0000e7e6      0xa71 ./src/main.o
 .debug_line    0x0000f257      0xb6d ./src/stm32f429i_discovery.o
 .debug_line    0x0000fdc4      0xffb ./src/stm32f429i_discovery_lcd.o
 .debug_line    0x00010dbf      0x957 ./src/stm32f429i_discovery_sdram.o

.debug_frame    0x00000000     0x2e4c
 *(.debug_frame)
 .debug_frame   0x00000000      0x1a8 ./system/src/stm32f4-hal/stm32f4xx_hal.o
 .debug_frame   0x000001a8      0x164 ./system/src/stm32f4-hal/stm32f4xx_hal_cortex.o
 .debug_frame   0x0000030c      0x114 ./system/src/stm32f4-hal/stm32f4xx_hal_dma.o
 .debug_frame   0x00000420      0x264 ./system/src/stm32f4-hal/stm32f4xx_hal_dma2d.o
 .debug_frame   0x00000684       0xf4 ./system/src/stm32f4-hal/stm32f4xx_hal_gpio.o
 .debug_frame   0x00000778      0x2b0 ./system/src/stm32f4-hal/stm32f4xx_hal_ltdc.o
 .debug_frame   0x00000a28      0x13c ./system/src/stm32f4-hal/stm32f4xx_hal_rcc.o
 .debug_frame   0x00000b64       0x4c ./system/src/stm32f4-hal/stm32f4xx_hal_rcc_ex.o
 .debug_frame   0x00000bb0      0x24c ./system/src/stm32f4-hal/stm32f4xx_hal_sdram.o
 .debug_frame   0x00000dfc      0x3e8 ./system/src/stm32f4-hal/stm32f4xx_hal_spi.o
 .debug_frame   0x000011e4      0x314 ./system/src/stm32f4-hal/stm32f4xx_ll_fmc.o
 .debug_frame   0x000014f8       0x38 ./system/src/newlib/_exit.o
 .debug_frame   0x00001530       0x28 ./system/src/newlib/_sbrk.o
 .debug_frame   0x00001558       0x7c ./system/src/newlib/_startup.o
 .debug_frame   0x000015d4      0x230 ./system/src/newlib/_syscalls.o
 .debug_frame   0x00001804       0x40 ./system/src/newlib/assert.o
 .debug_frame   0x00001844       0x94 ./system/src/diag/Trace.o
 .debug_frame   0x000018d8       0x5c ./system/src/diag/trace_impl.o
 .debug_frame   0x00001934       0x40 ./system/src/cortexm/_initialize_hardware.o
 .debug_frame   0x00001974      0x164 ./system/src/cortexm/exception_handlers.o
 .debug_frame   0x00001ad8       0x30 ./system/src/cmsis/system_stm32f4xx.o
 .debug_frame   0x00001b08       0x20 ./system/src/cmsis/vectors_stm32f4xx.o
 .debug_frame   0x00001b28       0x28 ./src/_write.o
 .debug_frame   0x00001b50       0x60 ./src/main.o
 .debug_frame   0x00001bb0      0x404 ./src/stm32f429i_discovery.o
 .debug_frame   0x00001fb4      0x5fc ./src/stm32f429i_discovery_lcd.o
 .debug_frame   0x000025b0      0x11c ./src/stm32f429i_discovery_sdram.o
 .debug_frame   0x000026cc       0x20 c:/program files (x86)/gnu tools arm embedded/4.9 2014q4/bin/../lib/gcc/arm-none-eabi/4.9.3/../../../../arm-none-eabi/lib/armv7e-m\libg_nano.a(lib_a-errno.o)
 .debug_frame   0x000026ec       0x54 c:/program files (x86)/gnu tools arm embedded/4.9 2014q4/bin/../lib/gcc/arm-none-eabi/4.9.3/../../../../arm-none-eabi/lib/armv7e-m\libg_nano.a(lib_a-fwrite.o)
 .debug_frame   0x00002740       0x3c c:/program files (x86)/gnu tools arm embedded/4.9 2014q4/bin/../lib/gcc/arm-none-eabi/4.9.3/../../../../arm-none-eabi/lib/armv7e-m\libg_nano.a(lib_a-puts.o)
 .debug_frame   0x0000277c       0x20 c:/program files (x86)/gnu tools arm embedded/4.9 2014q4/bin/../lib/gcc/arm-none-eabi/4.9.3/../../../../arm-none-eabi/lib/armv7e-m\libg_nano.a(lib_a-strlen.o)
 .debug_frame   0x0000279c       0x50 c:/program files (x86)/gnu tools arm embedded/4.9 2014q4/bin/../lib/gcc/arm-none-eabi/4.9.3/../../../../arm-none-eabi/lib/armv7e-m\libg_nano.a(lib_a-vsnprintf.o)
 .debug_frame   0x000027ec       0x3c c:/program files (x86)/gnu tools arm embedded/4.9 2014q4/bin/../lib/gcc/arm-none-eabi/4.9.3/../../../../arm-none-eabi/lib/armv7e-m\libg_nano.a(lib_a-wbuf.o)
 .debug_frame   0x00002828       0x2c c:/program files (x86)/gnu tools arm embedded/4.9 2014q4/bin/../lib/gcc/arm-none-eabi/4.9.3/../../../../arm-none-eabi/lib/armv7e-m\libg_nano.a(lib_a-wsetup.o)
 .debug_frame   0x00002854       0x68 c:/program files (x86)/gnu tools arm embedded/4.9 2014q4/bin/../lib/gcc/arm-none-eabi/4.9.3/../../../../arm-none-eabi/lib/armv7e-m\libg_nano.a(lib_a-fflush.o)
 .debug_frame   0x000028bc      0x11c c:/program files (x86)/gnu tools arm embedded/4.9 2014q4/bin/../lib/gcc/arm-none-eabi/4.9.3/../../../../arm-none-eabi/lib/armv7e-m\libg_nano.a(lib_a-findfp.o)
 .debug_frame   0x000029d8       0x54 c:/program files (x86)/gnu tools arm embedded/4.9 2014q4/bin/../lib/gcc/arm-none-eabi/4.9.3/../../../../arm-none-eabi/lib/armv7e-m\libg_nano.a(lib_a-fwalk.o)
 .debug_frame   0x00002a2c       0x34 c:/program files (x86)/gnu tools arm embedded/4.9 2014q4/bin/../lib/gcc/arm-none-eabi/4.9.3/../../../../arm-none-eabi/lib/armv7e-m\libg_nano.a(lib_a-makebuf.o)
 .debug_frame   0x00002a60       0x20 c:/program files (x86)/gnu tools arm embedded/4.9 2014q4/bin/../lib/gcc/arm-none-eabi/4.9.3/../../../../arm-none-eabi/lib/armv7e-m\libg_nano.a(lib_a-memset.o)
 .debug_frame   0x00002a80       0x2c c:/program files (x86)/gnu tools arm embedded/4.9 2014q4/bin/../lib/gcc/arm-none-eabi/4.9.3/../../../../arm-none-eabi/lib/armv7e-m\libg_nano.a(lib_a-nano-freer.o)
 .debug_frame   0x00002aac       0x2c c:/program files (x86)/gnu tools arm embedded/4.9 2014q4/bin/../lib/gcc/arm-none-eabi/4.9.3/../../../../arm-none-eabi/lib/armv7e-m\libg_nano.a(lib_a-nano-mallocr.o)
 .debug_frame   0x00002ad8       0x8c c:/program files (x86)/gnu tools arm embedded/4.9 2014q4/bin/../lib/gcc/arm-none-eabi/4.9.3/../../../../arm-none-eabi/lib/armv7e-m\libg_nano.a(lib_a-nano-svfprintf.o)
 .debug_frame   0x00002b64       0x58 c:/program files (x86)/gnu tools arm embedded/4.9 2014q4/bin/../lib/gcc/arm-none-eabi/4.9.3/../../../../arm-none-eabi/lib/armv7e-m\libg_nano.a(lib_a-nano-vfprintf_i.o)
 .debug_frame   0x00002bbc       0x2c c:/program files (x86)/gnu tools arm embedded/4.9 2014q4/bin/../lib/gcc/arm-none-eabi/4.9.3/../../../../arm-none-eabi/lib/armv7e-m\libg_nano.a(lib_a-sbrkr.o)
 .debug_frame   0x00002be8       0x88 c:/program files (x86)/gnu tools arm embedded/4.9 2014q4/bin/../lib/gcc/arm-none-eabi/4.9.3/../../../../arm-none-eabi/lib/armv7e-m\libg_nano.a(lib_a-stdio.o)
 .debug_frame   0x00002c70       0x2c c:/program files (x86)/gnu tools arm embedded/4.9 2014q4/bin/../lib/gcc/arm-none-eabi/4.9.3/../../../../arm-none-eabi/lib/armv7e-m\libg_nano.a(lib_a-writer.o)
 .debug_frame   0x00002c9c       0x2c c:/program files (x86)/gnu tools arm embedded/4.9 2014q4/bin/../lib/gcc/arm-none-eabi/4.9.3/../../../../arm-none-eabi/lib/armv7e-m\libg_nano.a(lib_a-closer.o)
 .debug_frame   0x00002cc8       0x2c c:/program files (x86)/gnu tools arm embedded/4.9 2014q4/bin/../lib/gcc/arm-none-eabi/4.9.3/../../../../arm-none-eabi/lib/armv7e-m\libg_nano.a(lib_a-fstatr.o)
 .debug_frame   0x00002cf4       0x2c c:/program files (x86)/gnu tools arm embedded/4.9 2014q4/bin/../lib/gcc/arm-none-eabi/4.9.3/../../../../arm-none-eabi/lib/armv7e-m\libg_nano.a(lib_a-isattyr.o)
 .debug_frame   0x00002d20       0x2c c:/program files (x86)/gnu tools arm embedded/4.9 2014q4/bin/../lib/gcc/arm-none-eabi/4.9.3/../../../../arm-none-eabi/lib/armv7e-m\libg_nano.a(lib_a-lseekr.o)
 .debug_frame   0x00002d4c       0x28 c:/program files (x86)/gnu tools arm embedded/4.9 2014q4/bin/../lib/gcc/arm-none-eabi/4.9.3/../../../../arm-none-eabi/lib/armv7e-m\libg_nano.a(lib_a-memchr.o)
 .debug_frame   0x00002d74       0x28 c:/program files (x86)/gnu tools arm embedded/4.9 2014q4/bin/../lib/gcc/arm-none-eabi/4.9.3/../../../../arm-none-eabi/lib/armv7e-m\libg_nano.a(lib_a-memcpy.o)
 .debug_frame   0x00002d9c       0x28 c:/program files (x86)/gnu tools arm embedded/4.9 2014q4/bin/../lib/gcc/arm-none-eabi/4.9.3/../../../../arm-none-eabi/lib/armv7e-m\libg_nano.a(lib_a-memmove.o)
 .debug_frame   0x00002dc4       0x3c c:/program files (x86)/gnu tools arm embedded/4.9 2014q4/bin/../lib/gcc/arm-none-eabi/4.9.3/../../../../arm-none-eabi/lib/armv7e-m\libg_nano.a(lib_a-nano-reallocr.o)
 .debug_frame   0x00002e00       0x2c c:/program files (x86)/gnu tools arm embedded/4.9 2014q4/bin/../lib/gcc/arm-none-eabi/4.9.3/../../../../arm-none-eabi/lib/armv7e-m\libg_nano.a(lib_a-readr.o)
 .debug_frame   0x00002e2c       0x20 c:/program files (x86)/gnu tools arm embedded/4.9 2014q4/bin/../lib/gcc/arm-none-eabi/4.9.3/../../../../arm-none-eabi/lib/armv7e-m\libg_nano.a(lib_a-nano-msizer.o)

.debug_str      0x00000000    0xab1e3
 *(.debug_str)
 .debug_str     0x00000000    0x9fc92 ./system/src/stm32f4-hal/stm32f4xx_hal.o
                              0xa0017 (size before relaxing)
 .debug_str     0x0009fc92      0x2a3 ./system/src/stm32f4-hal/stm32f4xx_hal_cortex.o
                              0x9fd25 (size before relaxing)
 .debug_str     0x0009ff35      0x3c6 ./system/src/stm32f4-hal/stm32f4xx_hal_dma.o
                              0x9f813 (size before relaxing)
 .debug_str     0x000a02fb      0x42b ./system/src/stm32f4-hal/stm32f4xx_hal_dma2d.o
                              0x9f8f9 (size before relaxing)
 .debug_str     0x000a0726      0x2ce ./system/src/stm32f4-hal/stm32f4xx_hal_gpio.o
                              0x9f7f7 (size before relaxing)
 .debug_str     0x000a09f4      0x4e4 ./system/src/stm32f4-hal/stm32f4xx_hal_ltdc.o
                              0x9f9a7 (size before relaxing)
 .debug_str     0x000a0ed8      0x41f ./system/src/stm32f4-hal/stm32f4xx_hal_rcc.o
                              0x9fa2e (size before relaxing)
 .debug_str     0x000a12f7      0x193 ./system/src/stm32f4-hal/stm32f4xx_hal_rcc_ex.o
                              0x9f6c9 (size before relaxing)
 .debug_str     0x000a148a      0x5ae ./system/src/stm32f4-hal/stm32f4xx_hal_sdram.o
                              0x9fc71 (size before relaxing)
 .debug_str     0x000a1a38      0x52e ./system/src/stm32f4-hal/stm32f4xx_hal_spi.o
                              0x9fc40 (size before relaxing)
 .debug_str     0x000a1f66      0x45f ./system/src/stm32f4-hal/stm32f4xx_ll_fmc.o
                              0x9fba2 (size before relaxing)
 .debug_str     0x000a23c5     0x3608 ./system/src/newlib/_exit.o
                               0x5e0b (size before relaxing)
 .debug_str     0x000a59cd      0x4de ./system/src/newlib/_sbrk.o
                               0x457d (size before relaxing)
 .debug_str     0x000a5eab      0x2c6 ./system/src/newlib/_startup.o
                               0x407d (size before relaxing)
 .debug_str     0x000a6171      0xe30 ./system/src/newlib/_syscalls.o
                               0x6280 (size before relaxing)
 .debug_str     0x000a6fa1       0xd0 ./system/src/newlib/assert.o
                               0x67de (size before relaxing)
 .debug_str     0x000a7071      0x8d4 ./system/src/diag/Trace.o
                               0x664b (size before relaxing)
 .debug_str     0x000a7945      0x34f ./system/src/diag/trace_impl.o
                              0xa2057 (size before relaxing)
 .debug_str     0x000a7c94       0x4e ./system/src/cortexm/_initialize_hardware.o
                              0x9f403 (size before relaxing)
 .debug_str     0x000a7ce2      0x1b5 ./system/src/cortexm/exception_handlers.o
                              0xa2e3c (size before relaxing)
 .debug_str     0x000a7e97       0x46 ./system/src/cmsis/system_stm32f4xx.o
                              0x9f589 (size before relaxing)
 .debug_str     0x000a7edd       0x57 ./system/src/cmsis/vectors_stm32f4xx.o
                               0x30a9 (size before relaxing)
 .debug_str     0x000a7f34       0x10 ./src/_write.o
                               0x6193 (size before relaxing)
 .debug_str     0x000a7f44     0x23eb ./src/main.o
                              0xa5df0 (size before relaxing)
 .debug_str     0x000aa32f      0x6b8 ./src/stm32f429i_discovery.o
                              0xa156c (size before relaxing)
 .debug_str     0x000aa9e7      0x6e8 ./src/stm32f429i_discovery_lcd.o
                              0xa24aa (size before relaxing)
 .debug_str     0x000ab0cf      0x114 ./src/stm32f429i_discovery_sdram.o
                              0xa14c8 (size before relaxing)

.debug_loc      0x00000000     0x9b2d
 *(.debug_loc)
 .debug_loc     0x00000000      0x102 ./system/src/stm32f4-hal/stm32f4xx_hal.o
 .debug_loc     0x00000102      0x5ef ./system/src/stm32f4-hal/stm32f4xx_hal_cortex.o
 .debug_loc     0x000006f1      0x48b ./system/src/stm32f4-hal/stm32f4xx_hal_dma.o
 .debug_loc     0x00000b7c      0xe7b ./system/src/stm32f4-hal/stm32f4xx_hal_dma2d.o
 .debug_loc     0x000019f7      0x45e ./system/src/stm32f4-hal/stm32f4xx_hal_gpio.o
 .debug_loc     0x00001e55      0xaf0 ./system/src/stm32f4-hal/stm32f4xx_hal_ltdc.o
 .debug_loc     0x00002945      0x7c8 ./system/src/stm32f4-hal/stm32f4xx_hal_rcc.o
 .debug_loc     0x0000310d      0x377 ./system/src/stm32f4-hal/stm32f4xx_hal_rcc_ex.o
 .debug_loc     0x00003484      0xc1c ./system/src/stm32f4-hal/stm32f4xx_hal_sdram.o
 .debug_loc     0x000040a0      0xf94 ./system/src/stm32f4-hal/stm32f4xx_hal_spi.o
 .debug_loc     0x00005034      0xf30 ./system/src/stm32f4-hal/stm32f4xx_ll_fmc.o
 .debug_loc     0x00005f64       0x82 ./system/src/newlib/_sbrk.o
 .debug_loc     0x00005fe6      0x36e ./system/src/newlib/_startup.o
 .debug_loc     0x00006354      0x549 ./system/src/newlib/_syscalls.o
 .debug_loc     0x0000689d       0xec ./system/src/newlib/assert.o
 .debug_loc     0x00006989       0xf7 ./system/src/diag/Trace.o
 .debug_loc     0x00006a80      0x18f ./system/src/diag/trace_impl.o
 .debug_loc     0x00006c0f      0x346 ./system/src/cortexm/exception_handlers.o
 .debug_loc     0x00006f55      0x137 ./system/src/cmsis/system_stm32f4xx.o
 .debug_loc     0x0000708c       0xad ./src/_write.o
 .debug_loc     0x00007139       0xba ./src/main.o
 .debug_loc     0x000071f3      0x85c ./src/stm32f429i_discovery.o
 .debug_loc     0x00007a4f     0x1e76 ./src/stm32f429i_discovery_lcd.o
 .debug_loc     0x000098c5      0x268 ./src/stm32f429i_discovery_sdram.o

.debug_macinfo
 *(.debug_macinfo)

.debug_weaknames
 *(.debug_weaknames)

.debug_funcnames
 *(.debug_funcnames)

.debug_typenames
 *(.debug_typenames)

.debug_varnames
 *(.debug_varnames)
OUTPUT(STM32KaaIntegration.elf elf32-littlearm)

.debug_ranges   0x00000000      0xc70
 .debug_ranges  0x00000000       0xc0 ./system/src/stm32f4-hal/stm32f4xx_hal.o
 .debug_ranges  0x000000c0       0x80 ./system/src/stm32f4-hal/stm32f4xx_hal_cortex.o
 .debug_ranges  0x00000140       0x58 ./system/src/stm32f4-hal/stm32f4xx_hal_dma.o
 .debug_ranges  0x00000198       0xb0 ./system/src/stm32f4-hal/stm32f4xx_hal_dma2d.o
 .debug_ranges  0x00000248       0x48 ./system/src/stm32f4-hal/stm32f4xx_hal_gpio.o
 .debug_ranges  0x00000290       0xd0 ./system/src/stm32f4-hal/stm32f4xx_hal_ltdc.o
 .debug_ranges  0x00000360       0x78 ./system/src/stm32f4-hal/stm32f4xx_hal_rcc.o
 .debug_ranges  0x000003d8       0x18 ./system/src/stm32f4-hal/stm32f4xx_hal_rcc_ex.o
 .debug_ranges  0x000003f0       0xc0 ./system/src/stm32f4-hal/stm32f4xx_hal_sdram.o
 .debug_ranges  0x000004b0      0x140 ./system/src/stm32f4-hal/stm32f4xx_hal_spi.o
 .debug_ranges  0x000005f0       0xe0 ./system/src/stm32f4-hal/stm32f4xx_ll_fmc.o
 .debug_ranges  0x000006d0       0x18 ./system/src/newlib/_exit.o
 .debug_ranges  0x000006e8       0x10 ./system/src/newlib/_sbrk.o
 .debug_ranges  0x000006f8       0x30 ./system/src/newlib/_startup.o
 .debug_ranges  0x00000728       0xc0 ./system/src/newlib/_syscalls.o
 .debug_ranges  0x000007e8       0x18 ./system/src/newlib/assert.o
 .debug_ranges  0x00000800       0x28 ./system/src/diag/Trace.o
 .debug_ranges  0x00000828       0x20 ./system/src/diag/trace_impl.o
 .debug_ranges  0x00000848       0x18 ./system/src/cortexm/_initialize_hardware.o
 .debug_ranges  0x00000860       0x98 ./system/src/cortexm/exception_handlers.o
 .debug_ranges  0x000008f8       0x18 ./system/src/cmsis/system_stm32f4xx.o
 .debug_ranges  0x00000910       0x10 ./system/src/cmsis/vectors_stm32f4xx.o
 .debug_ranges  0x00000920       0x10 ./src/_write.o
 .debug_ranges  0x00000930       0x20 ./src/main.o
 .debug_ranges  0x00000950      0x128 ./src/stm32f429i_discovery.o
 .debug_ranges  0x00000a78      0x1a8 ./src/stm32f429i_discovery_lcd.o
 .debug_ranges  0x00000c20       0x50 ./src/stm32f429i_discovery_sdram.o

.debug_macro    0x00000000    0x1cbe0
 .debug_macro   0x00000000      0x390 ./system/src/stm32f4-hal/stm32f4xx_hal.o
 .debug_macro   0x00000390      0x898 ./system/src/stm32f4-hal/stm32f4xx_hal.o
 .debug_macro   0x00000c28      0x250 ./system/src/stm32f4-hal/stm32f4xx_hal.o
 .debug_macro   0x00000e78       0x2e ./system/src/stm32f4-hal/stm32f4xx_hal.o
 .debug_macro   0x00000ea6       0x28 ./system/src/stm32f4-hal/stm32f4xx_hal.o
 .debug_macro   0x00000ece       0x3b ./system/src/stm32f4-hal/stm32f4xx_hal.o
 .debug_macro   0x00000f09       0x22 ./system/src/stm32f4-hal/stm32f4xx_hal.o
 .debug_macro   0x00000f2b       0x44 ./system/src/stm32f4-hal/stm32f4xx_hal.o
 .debug_macro   0x00000f6f       0x1c ./system/src/stm32f4-hal/stm32f4xx_hal.o
 .debug_macro   0x00000f8b      0x1f7 ./system/src/stm32f4-hal/stm32f4xx_hal.o
 .debug_macro   0x00001182       0x2d ./system/src/stm32f4-hal/stm32f4xx_hal.o
 .debug_macro   0x000011af       0x26 ./system/src/stm32f4-hal/stm32f4xx_hal.o
 .debug_macro   0x000011d5      0xd39 ./system/src/stm32f4-hal/stm32f4xx_hal.o
 .debug_macro   0x00001f0e     0xa15f ./system/src/stm32f4-hal/stm32f4xx_hal.o
 .debug_macro   0x0000c06d       0x43 ./system/src/stm32f4-hal/stm32f4xx_hal.o
 .debug_macro   0x0000c0b0     0x2694 ./system/src/stm32f4-hal/stm32f4xx_hal.o
 .debug_macro   0x0000e744       0x64 ./system/src/stm32f4-hal/stm32f4xx_hal.o
 .debug_macro   0x0000e7a8      0xa22 ./system/src/stm32f4-hal/stm32f4xx_hal.o
 .debug_macro   0x0000f1ca      0x6bd ./system/src/stm32f4-hal/stm32f4xx_hal.o
 .debug_macro   0x0000f887      0x15b ./system/src/stm32f4-hal/stm32f4xx_hal.o
 .debug_macro   0x0000f9e2      0x11e ./system/src/stm32f4-hal/stm32f4xx_hal.o
 .debug_macro   0x0000fb00      0x160 ./system/src/stm32f4-hal/stm32f4xx_hal.o
 .debug_macro   0x0000fc60       0x27 ./system/src/stm32f4-hal/stm32f4xx_hal.o
 .debug_macro   0x0000fc87      0x272 ./system/src/stm32f4-hal/stm32f4xx_hal.o
 .debug_macro   0x0000fef9       0x5f ./system/src/stm32f4-hal/stm32f4xx_hal.o
 .debug_macro   0x0000ff58       0x5d ./system/src/stm32f4-hal/stm32f4xx_hal.o
 .debug_macro   0x0000ffb5      0x313 ./system/src/stm32f4-hal/stm32f4xx_hal.o
 .debug_macro   0x000102c8      0x15b ./system/src/stm32f4-hal/stm32f4xx_hal.o
 .debug_macro   0x00010423       0xcf ./system/src/stm32f4-hal/stm32f4xx_hal.o
 .debug_macro   0x000104f2      0x360 ./system/src/stm32f4-hal/stm32f4xx_hal.o
 .debug_macro   0x00010852       0x23 ./system/src/stm32f4-hal/stm32f4xx_hal.o
 .debug_macro   0x00010875      0x1e5 ./system/src/stm32f4-hal/stm32f4xx_hal.o
 .debug_macro   0x00010a5a       0xdf ./system/src/stm32f4-hal/stm32f4xx_hal.o
 .debug_macro   0x00010b39       0xcd ./system/src/stm32f4-hal/stm32f4xx_hal.o
 .debug_macro   0x00010c06       0x3c ./system/src/stm32f4-hal/stm32f4xx_hal.o
 .debug_macro   0x00010c42      0x1b5 ./system/src/stm32f4-hal/stm32f4xx_hal.o
 .debug_macro   0x00010df7      0xda8 ./system/src/stm32f4-hal/stm32f4xx_hal.o
 .debug_macro   0x00011b9f      0x133 ./system/src/stm32f4-hal/stm32f4xx_hal.o
 .debug_macro   0x00011cd2      0x416 ./system/src/stm32f4-hal/stm32f4xx_hal.o
 .debug_macro   0x000120e8       0x2e ./system/src/stm32f4-hal/stm32f4xx_hal.o
 .debug_macro   0x00012116      0x54a ./system/src/stm32f4-hal/stm32f4xx_hal.o
 .debug_macro   0x00012660       0x88 ./system/src/stm32f4-hal/stm32f4xx_hal.o
 .debug_macro   0x000126e8       0xd5 ./system/src/stm32f4-hal/stm32f4xx_hal.o
 .debug_macro   0x000127bd      0x17c ./system/src/stm32f4-hal/stm32f4xx_hal.o
 .debug_macro   0x00012939       0x10 ./system/src/stm32f4-hal/stm32f4xx_hal.o
 .debug_macro   0x00012949      0x17d ./system/src/stm32f4-hal/stm32f4xx_hal.o
 .debug_macro   0x00012ac6       0x22 ./system/src/stm32f4-hal/stm32f4xx_hal.o
 .debug_macro   0x00012ae8       0x9e ./system/src/stm32f4-hal/stm32f4xx_hal.o
 .debug_macro   0x00012b86      0x199 ./system/src/stm32f4-hal/stm32f4xx_hal.o
 .debug_macro   0x00012d1f       0x43 ./system/src/stm32f4-hal/stm32f4xx_hal.o
 .debug_macro   0x00012d62       0x97 ./system/src/stm32f4-hal/stm32f4xx_hal.o
 .debug_macro   0x00012df9      0x240 ./system/src/stm32f4-hal/stm32f4xx_hal.o
 .debug_macro   0x00013039      0x13a ./system/src/stm32f4-hal/stm32f4xx_hal.o
 .debug_macro   0x00013173       0xb5 ./system/src/stm32f4-hal/stm32f4xx_hal.o
 .debug_macro   0x00013228       0x97 ./system/src/stm32f4-hal/stm32f4xx_hal.o
 .debug_macro   0x000132bf       0x7c ./system/src/stm32f4-hal/stm32f4xx_hal.o
 .debug_macro   0x0001333b      0x31a ./system/src/stm32f4-hal/stm32f4xx_hal.o
 .debug_macro   0x00013655      0x409 ./system/src/stm32f4-hal/stm32f4xx_hal.o
 .debug_macro   0x00013a5e       0xe4 ./system/src/stm32f4-hal/stm32f4xx_hal.o
 .debug_macro   0x00013b42      0x3c2 ./system/src/stm32f4-hal/stm32f4xx_hal.o
 .debug_macro   0x00013f04      0x48d ./system/src/stm32f4-hal/stm32f4xx_hal.o
 .debug_macro   0x00014391      0x22b ./system/src/stm32f4-hal/stm32f4xx_hal.o
 .debug_macro   0x000145bc      0x202 ./system/src/stm32f4-hal/stm32f4xx_hal.o
 .debug_macro   0x000147be      0x6d9 ./system/src/stm32f4-hal/stm32f4xx_hal.o
 .debug_macro   0x00014e97       0x59 ./system/src/stm32f4-hal/stm32f4xx_hal.o
 .debug_macro   0x00014ef0      0x14d ./system/src/stm32f4-hal/stm32f4xx_hal.o
 .debug_macro   0x0001503d      0x287 ./system/src/stm32f4-hal/stm32f4xx_hal.o
 .debug_macro   0x000152c4      0x225 ./system/src/stm32f4-hal/stm32f4xx_hal.o